Default interpolation method: cubic
Solving for \bar{\iota}_0 self-consistently.
Evaluating order 3 4
Evaluating order 5 6
i 0 time 10.06127405166626 eps_crit 4.2496549476162675e-16 1.485179399060065 eps_conv 1.969324637646353e-42 0.00017477587400587698
min 898739.9665727484 mean 7.537816704113303e+27
#nan 100
i 10 time 10.051029443740845 eps_crit 6.011915778875938e-16 1.6509529017902227 eps_conv 2.0946587977361526e-31 0.0006174855496491147
min 1715373.333026827 mean 1.6239844896246624e+25
#nan 83
i 20 time 10.07616114616394 eps_crit 9.376181438740253e-16 1.6802474271650227 eps_conv 4.211109909341103e-33 0.0015267485557616557
min 11112215.819818536 mean 3.613832220589609e+31
#nan 86
i 30 time 10.046216487884521 eps_crit 8.883020770468293e-16 1.681716433146666 eps_conv 1.4031619658477195e-28 0.0010347727788721347
min 10485505.019144263 mean 6.57388191328486e+19
#nan 88
i 40 time 9.694374322891235 eps_crit 5.493871046205007e-14 1.5459181668039634 eps_conv 1.7916145274410576e-17 0.0013722341110330855
min 5565551.352871757 mean 1.1788670356153661e+18
#nan 85
i 50 time 10.057475805282593 eps_crit 7.277707855839182e-16 1.5549522020841617 eps_conv 8.02133859123837e-35 0.0014642083700672748
min 2102640.2555755656 mean 1.0568249607385282e+21
#nan 64
i 60 time 9.84839415550232 eps_crit 6.689903876074877e-16 1.4425433196372164 eps_conv 1.1309055337019046e-23 0.0012145646055735629
min 1553847.8512796974 mean 2.5059208318734825e+26
#nan 65
i 70 time 9.49433159828186 eps_crit 4.698761798996399e-16 1.4570466240324267 eps_conv 6.730879475275076e-24 0.0012961679769743627
min 291535.9793722276 mean 1.1092423245298147e+21
#nan 59
i 80 time 10.06505823135376 eps_crit 2.890634090603099e-16 1.2841013693609344 eps_conv 8.307614276902266e-25 0.0016974400856889752
min 21991.63472130079 mean 5.050583184920911e+18
#nan 38
i 90 time 10.05258822441101 eps_crit 5.102566367358513e-16 1.128757230720199 eps_conv 6.318500670706367e-29 0.0016175644884638457
min 60188.67953673831 mean 2.5215174083893078e+17
#nan 22
i 100 time 10.061053276062012 eps_crit 4.711272813279447e-16 1.0367651931485666 eps_conv 2.37563608734912e-37 0.0013794460954174902
min 21861.18715655438 mean 4155100283074643.0
#nan 21
i 110 time 10.066799402236938 eps_crit 5.862842906682308e-16 0.976261259104128 eps_conv 1.6509681941197613e-26 0.0021379348876455376
min 20864.26567554052 mean 4.01391154988926e+20
#nan 20
i 120 time 10.07406997680664 eps_crit 5.209156217031706e-16 0.9925671162633324 eps_conv 9.942132084121232e-29 0.001743884785002756
min 16116.775840530445 mean 7106276610651.108
#nan 18
i 130 time 9.669943571090698 eps_crit 4.670482643206119e-16 0.9265473289577717 eps_conv 4.386451551322398e-24 0.0035355442297668963
min 15860.919761331967 mean 3.649927180791549e+20
#nan 16
i 140 time 10.074522018432617 eps_crit 5.006163651969501e-16 0.8726011089497628 eps_conv 1.3055676820772553e-26 0.0032172110333012916
min 9114.26273641648 mean 3.505137268047575e+21
#nan 13
i 150 time 9.700105428695679 eps_crit 5.052107200591009e-10 0.8547716110972912 eps_conv 1.5038113469377677e-33 0.002771064020738103
min 7540.152416666145 mean 1.0507340745037667e+25
#nan 15
i 160 time 9.158102750778198 eps_crit 3.942987182394024e-16 0.8527754308684674 eps_conv 2.2925541884951665e-20 0.002857186725329821
min 5342.480207948175 mean 2.681846235316465e+20
#nan 19
i 170 time 9.139782190322876 eps_crit 9.16768324930408e-16 0.8863692786651995 eps_conv 5.947712005240962e-20 0.0046857443274224255
min 5275.065984673927 mean 2.255996956593125e+16
#nan 16
i 180 time 8.973008632659912 eps_crit 3.576782247940711e-15 0.7628665027625287 eps_conv 1.8967107467296914e-19 0.004614203038118252
min 5418.39613533875 mean 10762551196874.033
#nan 9
i 190 time 8.837278127670288 eps_crit 1.7491028078176134e-12 0.7461058625796939 eps_conv 8.801954050962138e-17 0.003917914349058635
min 4781.545880203177 mean 18287734444719.953
#nan 11
i 200 time 8.446680068969727 eps_crit 0.00029607468367810524 0.7637007938044841 eps_conv 3.887437806801948e-06 0.004389746532005042
min 5009.648436866625 mean 16939031.897886675
#nan 7
i 210 time 8.476560831069946 eps_crit 2.570431070467693e-07 0.7709349640453871 eps_conv 3.230833671582634e-10 0.00411211889271826
min 4650.4018771941965 mean 1772664761558603.2
#nan 11
i 220 time 8.515511512756348 eps_crit 6.631812951197596e-05 0.8159140610111011 eps_conv 2.4594583772920942e-06 0.004419369815514106
min 4671.23831815705 mean 33908556.72794368
#nan 10
i 230 time 8.424489498138428 eps_crit 0.0008325517790602417 0.776784077662167 eps_conv 8.233863954242898e-05 0.004562048532823243
min 4464.7311017958245 mean 59948.02819600281
#nan 7
i 240 time 8.321964025497437 eps_crit 0.0008837506125282247 0.7787673982286681 eps_conv 4.6233977396457915e-06 0.004494008505356354
min 4342.501238148742 mean 7403474.656253099
#nan 6
i 250 time 8.326246976852417 eps_crit 0.0010973098786697837 0.7857706962118105 eps_conv 1.3901569351486507e-06 0.004610568759469465
min 4244.219642255504 mean 89875920.9955313
#nan 5
i 260 time 8.30691409111023 eps_crit 0.0009457229046245585 0.8147160037048973 eps_conv 0.0001602862054811236 0.004974969032418076
min 4210.65433734822 mean 27778.599120277675
#nan 3
i 270 time 8.334357976913452 eps_crit 0.0012607126858291467 0.811241541431602 eps_conv 3.7422485697921224e-07 0.004675593015590097
min 4133.968628724169 mean 970582006.4978174
#nan 3
i 280 time 8.367642879486084 eps_crit 0.0013055851299019058 0.7915439429775454 eps_conv 0.0007592788779190175 0.005048529945500215
min 4135.16859970876 mean 5457.077830716373
#nan 4
i 290 time 8.344125032424927 eps_crit 0.0012032664052949353 0.8270466579998809 eps_conv 0.0012383406757205632 0.005402654140759824
min 4091.8678965871836 mean 4795.586711020321
#nan 8
i 300 time 8.367231130599976 eps_crit 0.0016024988382060952 0.8322530398695389 eps_conv 0.0007342363662736958 0.0054730064546047365
min 4067.963692226375 mean 4637.9138833050665
#nan 5
i 310 time 8.363949060440063 eps_crit 0.0010050893114651295 0.8326821698001818 eps_conv 0.0013537401433834485 0.005206124069066964
min 4052.179104603403 mean 4382.7928579676645
#nan 12
i 320 time 8.412796258926392 eps_crit 0.0016653230050438649 0.8225908090578895 eps_conv 0.002053709524566799 0.005002889150022985
min 4038.5807989259374 mean 4237.425120559764
#nan 7
i 330 time 8.33178448677063 eps_crit 0.001958439799862697 0.8278483207656332 eps_conv 0.0019498395610552074 0.004580540331608358
min 4022.971003664378 mean 4217.317784310463
#nan 7
i 340 time 8.335002422332764 eps_crit 0.0015117935731945 0.8110512086070165 eps_conv 0.0019503152668245442 0.005100597320975231
min 3972.651420562474 mean 4253.837586614666
#nan 5
i 350 time 8.369436025619507 eps_crit 0.0015965520464179118 0.811541756882047 eps_conv 0.001458539654373485 0.005188186100780039
min 3965.3427982544513 mean 4388.044111433509
#nan 2
i 360 time 8.311900615692139 eps_crit 0.001671896608541056 0.8031045292503819 eps_conv 0.0013734515332844107 0.004180216011803078
min 3955.6801253744775 mean 4474.820596285369
#nan 4
i 370 time 8.36728048324585 eps_crit 0.0013338284022396622 0.813684991660364 eps_conv 0.00044687458419817474 0.003508918998869713
min 3931.639906490019 mean 4996.313791617505
#nan 3
i 380 time 8.325293064117432 eps_crit 0.0010699485363434734 0.8275615810759966 eps_conv 0.00024692825140095945 0.003495423714594025
min 3920.9388321933843 mean 13405.701671906207
#nan 5
i 390 time 8.314348220825195 eps_crit 0.001217534920705567 0.7939760671446155 eps_conv 0.00033594639943021205 0.003251882294994238
min 3920.518568241171 mean 7550.470603071199
#nan 5
i 400 time 8.329371929168701 eps_crit 0.0023587819551806077 0.8098541740545652 eps_conv 0.0021841520397414584 0.0029984801772626473
min 3893.245060942725 mean 4064.7930369006576
#nan 8
i 410 time 8.305480241775513 eps_crit 0.0024625776095643583 0.7966359221747124 eps_conv 0.002319979886013123 0.002905474145732148
min 3870.839564684323 mean 3979.135797372072
#nan 4
i 420 time 8.329466342926025 eps_crit 0.002468628752457928 0.7997356990862936 eps_conv 0.00233091487705165 0.002787048056206193
min 3855.256805764813 mean 3939.5525563674355
#nan 4
i 430 time 8.309096336364746 eps_crit 0.0025378952198227686 0.8022004001164691 eps_conv 0.002482422545302532 0.0027915909971627543
min 3846.448456596853 mean 3906.6991428108263
#nan 5
i 440 time 8.3213529586792 eps_crit 0.002523991054030192 0.8001360283324962 eps_conv 0.002476142587199538 0.0028222423132041163
min 3847.5273721698923 mean 3900.471053142235
#nan 3
i 450 time 8.33007526397705 eps_crit 0.002539643040021854 0.8014564516143415 eps_conv 0.0024477040228955325 0.0027639431618840605
min 3840.522192578107 mean 3887.8203803906526
#nan 4
i 460 time 8.328500032424927 eps_crit 0.0025221909126485025 0.8034553991180329 eps_conv 0.0025015892174327274 0.0027494962030942664
min 3837.132120961707 mean 3873.5351054608477
#nan 3
i 470 time 8.382010698318481 eps_crit 0.0025537086185020283 0.7983489681204756 eps_conv 0.0025130892688073536 0.0027099142712050718
min 3834.8377371460997 mean 3873.538836431388
#nan 1
fit_avg - last_avg 0.0037309705403458793
Converged
total time 5161.622847795486
Default interpolation method: cubic
Solving for \bar{\iota}_0 self-consistently.
Evaluating order 3 4
Evaluating order 5 6
