Loaded ./population.npy: 200 members, dim 40
Warming up JIT (first evaluation compiles) ...
Default interpolation method: cubic
Solving for \bar{\iota}_0 self-consistently.
Evaluating order 3 4
Evaluating order 5 6
  i    0  aspect 4.45514401e+01  beta_eff -2.97574061e-04  (508.83s, includes compile)
  i    1  aspect 4.45375343e+01  beta_eff -1.22566414e-04  (1.20s)
  i    2  aspect 4.67740369e+01  beta_eff -1.36735221e-04  (1.20s)
  i    3  aspect 5.20672095e+01  beta_eff 3.55192411e-05  (1.18s)
  i    4  aspect 4.33023875e+01  beta_eff -2.48015812e-04  (1.19s)
  i    5  aspect 5.04906920e+01  beta_eff -2.96498092e-04  (1.18s)
  i    6  aspect 4.36927650e+01  beta_eff -5.43309427e-04  (1.17s)
  i    7  aspect 4.77975199e+01  beta_eff -1.94850396e-04  (1.18s)
  i    8  aspect 4.40629266e+01  beta_eff -2.20887564e-05  (1.18s)
  i    9  aspect 4.31985626e+01  beta_eff -2.85780660e-04  (1.17s)
  i   10  aspect 4.10821713e+01  beta_eff -8.76685373e-05  (1.17s)
  i   11  aspect 4.42441015e+01  beta_eff -3.38767838e-04  (1.17s)
  i   12  aspect 4.43214150e+01  beta_eff -1.41962145e-04  (1.17s)
  i   13  aspect 4.56403697e+01  beta_eff -9.77128087e-05  (1.17s)
  i   14  aspect 5.32331768e+01  beta_eff 9.52263046e-05  (1.17s)
  i   15  aspect 4.24999474e+01  beta_eff -2.63935926e-04  (1.17s)
  i   16  aspect 5.16956801e+01  beta_eff -1.38136356e-04  (1.17s)
  i   17  aspect 4.94719558e+01  beta_eff -3.49727119e-05  (1.17s)
  i   18  aspect 4.75252035e+01  beta_eff -2.13157920e-04  (1.17s)
  i   19  aspect 4.33150212e+01  beta_eff 4.27271527e-05  (1.17s)
  i   20  aspect 4.54214353e+01  beta_eff -9.19259793e-05  (1.18s)
  i   21  aspect 5.19756241e+01  beta_eff 1.36790903e-04  (1.17s)
  i   22  aspect 4.77988492e+01  beta_eff 7.41686925e-05  (1.17s)
  i   23  aspect 4.57833559e+01  beta_eff 3.98300718e-04  (1.17s)
  i   24  aspect 4.97446609e+01  beta_eff -1.75633206e-04  (1.17s)
  i   25  aspect 4.61308514e+01  beta_eff 8.76550614e-05  (1.17s)
  i   26  aspect 4.56368296e+01  beta_eff 7.28788411e-05  (1.17s)
  i   27  aspect 4.17532568e+01  beta_eff -1.05527972e-04  (1.17s)
  i   28  aspect 4.36667721e+01  beta_eff -1.96010868e-04  (1.17s)
  i   29  aspect 5.79970888e+01  beta_eff 1.26278673e-04  (1.17s)
  i   30  aspect 4.54057678e+01  beta_eff 4.27167908e-06  (1.17s)
  i   31  aspect 4.82634389e+01  beta_eff 2.75413696e-05  (1.17s)
  i   32  aspect 4.34893224e+01  beta_eff -5.82070546e-05  (1.17s)
  i   33  aspect 4.47255235e+01  beta_eff -3.55261487e-04  (1.17s)
  i   34  aspect 4.31664116e+01  beta_eff -3.65720722e-04  (1.17s)
  i   35  aspect 4.96257796e+01  beta_eff -7.01691523e-05  (1.17s)
  i   36  aspect 4.27553625e+01  beta_eff -1.59302500e-04  (1.17s)
  i   37  aspect 4.70470192e+01  beta_eff 1.85660528e-04  (1.17s)
  i   38  aspect 4.41061607e+01  beta_eff -5.91954509e-04  (1.17s)
  i   39  aspect 4.43430687e+01  beta_eff -4.16504971e-04  (1.17s)
  i   40  aspect 4.98046184e+01  beta_eff 7.32757319e-05  (1.17s)
  i   41  aspect 4.68008795e+01  beta_eff -1.84610104e-04  (1.17s)
  i   42  aspect 4.56962656e+01  beta_eff -2.18284253e-04  (1.17s)
  i   43  aspect 4.41009376e+01  beta_eff -8.79830995e-04  (1.17s)
  i   44  aspect 4.84652620e+01  beta_eff 1.01902714e-05  (1.17s)
  i   45  aspect 4.14509693e+01  beta_eff -5.78560632e-04  (1.18s)
  i   46  aspect 4.95841150e+01  beta_eff 2.41074975e-04  (1.18s)
  i   47  aspect 4.81295101e+01  beta_eff -2.10484914e-04  (1.17s)
  i   48  aspect 4.72684320e+01  beta_eff -1.07793062e-04  (1.18s)
  i   49  aspect 4.30744678e+01  beta_eff -5.26456510e-04  (1.18s)
  i   50  aspect 4.69856346e+01  beta_eff -1.40528909e-04  (1.17s)
  i   51  aspect 4.45273974e+01  beta_eff -1.07970827e-04  (1.18s)
  i   52  aspect 4.08277844e+01  beta_eff -3.63829548e-04  (1.18s)
  i   53  aspect 4.69831471e+01  beta_eff -4.02737091e-05  (1.17s)
  i   54  aspect 4.47434487e+01  beta_eff -4.98781080e-04  (1.17s)
  i   55  aspect 5.89007219e+01  beta_eff 1.20377699e-04  (1.17s)
  i   56  aspect 5.36987118e+01  beta_eff 2.21750093e-05  (1.17s)
  i   57  aspect 4.94829358e+01  beta_eff 6.53543612e-05  (1.17s)
  i   58  aspect 4.70275080e+01  beta_eff -1.56696401e-04  (1.17s)
  i   59  aspect 4.33741331e+01  beta_eff -2.42699336e-05  (1.17s)
  i   60  aspect 4.33739628e+01  beta_eff -2.95215551e-04  (1.17s)
  i   61  aspect 5.18459961e+01  beta_eff -1.71476485e-04  (1.17s)
  i   62  aspect 4.31480509e+01  beta_eff -3.95556524e-04  (1.17s)
  i   63  aspect 4.55028476e+01  beta_eff 2.87098921e-05  (1.17s)
  i   64  aspect 5.06060642e+01  beta_eff 3.63742333e-04  (1.17s)
  i   65  aspect 4.84321908e+01  beta_eff -4.95928571e-05  (1.17s)
  i   66  aspect 4.63953325e+01  beta_eff -2.29670705e-04  (1.17s)
  i   67  aspect 4.70136579e+01  beta_eff -1.21425412e-04  (1.17s)
  i   68  aspect 4.11732781e+01  beta_eff -4.59592382e-04  (1.17s)
  i   69  aspect 4.20499478e+01  beta_eff -2.10006631e-04  (1.17s)
  i   70  aspect 4.16970670e+01  beta_eff -6.27100885e-04  (1.17s)
  i   71  aspect 4.23134216e+01  beta_eff -2.36806380e-04  (1.17s)
  i   72  aspect 5.04261301e+01  beta_eff -1.74668581e-04  (1.18s)
  i   73  aspect 4.12170265e+01  beta_eff -2.57560371e-04  (1.17s)
  i   74  aspect 4.43704532e+01  beta_eff -5.95865291e-04  (1.17s)
  i   75  aspect 4.82989866e+01  beta_eff 1.05752698e-04  (1.17s)
  i   76  aspect 4.38583891e+01  beta_eff -2.35303767e-04  (1.17s)
  i   77  aspect 4.62741610e+01  beta_eff -5.83783527e-04  (1.17s)
  i   78  aspect 4.28263102e+01  beta_eff -3.70201714e-04  (1.17s)
  i   79  aspect 4.40896909e+01  beta_eff -5.44202553e-04  (1.17s)
  i   80  aspect 5.06210490e+01  beta_eff -6.53709623e-05  (1.17s)
  i   81  aspect 4.14035238e+01  beta_eff -4.89038189e-04  (1.17s)
  i   82  aspect 4.16536878e+01  beta_eff -2.29815614e-04  (1.17s)
  i   83  aspect 4.81264494e+01  beta_eff -2.87712500e-04  (1.17s)
  i   84  aspect 4.59700109e+01  beta_eff -3.77786992e-04  (1.17s)
  i   85  aspect 4.51344214e+01  beta_eff 1.21904344e-04  (1.17s)
  i   86  aspect 4.57078376e+01  beta_eff 1.03667534e-05  (1.17s)
  i   87  aspect 4.49361521e+01  beta_eff 5.61141908e-05  (1.19s)
  i   88  aspect 4.26297395e+01  beta_eff -1.97183012e-04  (1.18s)
  i   89  aspect 5.25046931e+01  beta_eff 6.80879099e-06  (1.17s)
  i   90  aspect 5.27894950e+01  beta_eff -1.24207944e-05  (1.19s)
  i   91  aspect 4.78869838e+01  beta_eff -2.33854957e-04  (1.18s)
  i   92  aspect 4.96185262e+01  beta_eff 1.40256415e-04  (1.17s)
  i   93  aspect 4.52252003e+01  beta_eff -2.49947464e-04  (1.18s)
  i   94  aspect 4.56415728e+01  beta_eff -2.32003851e-04  (1.18s)
  i   95  aspect 4.73790177e+01  beta_eff -2.47833100e-04  (1.18s)
  i   96  aspect 4.53081319e+01  beta_eff -2.41205618e-04  (1.18s)
  i   97  aspect 4.44771213e+01  beta_eff -5.42292443e-04  (1.17s)
  i   98  aspect 5.59217631e+01  beta_eff 5.11694342e-05  (1.17s)
  i   99  aspect 4.34142959e+01  beta_eff -6.26480339e-04  (1.17s)
  i  100  aspect 5.14065121e+01  beta_eff -1.06602187e-04  (1.17s)
  i  101  aspect 4.56029384e+01  beta_eff 1.48514633e-05  (1.17s)
  i  102  aspect 4.30631352e+01  beta_eff -3.87627428e-04  (1.17s)
  i  103  aspect 4.57371913e+01  beta_eff -1.48516587e-04  (1.17s)
  i  104  aspect 5.51473872e+01  beta_eff 7.81438966e-05  (1.17s)
  i  105  aspect 4.90021398e+01  beta_eff 2.01562031e-04  (1.17s)
  i  106  aspect 4.86076625e+01  beta_eff -1.22816235e-04  (1.17s)
  i  107  aspect 4.17136925e+01  beta_eff -5.70279208e-05  (1.17s)
  i  108  aspect 4.19220192e+01  beta_eff -2.86608113e-04  (1.17s)
  i  109  aspect 4.88093089e+01  beta_eff -1.41824982e-04  (1.17s)
  i  110  aspect 4.48666678e+01  beta_eff -7.55214784e-05  (1.17s)
  i  111  aspect 4.77827012e+01  beta_eff -1.88157335e-04  (1.17s)
  i  112  aspect 4.13344534e+01  beta_eff -4.07175717e-04  (1.17s)
  i  113  aspect 4.83227559e+01  beta_eff -2.54758253e-04  (1.17s)
  i  114  aspect 4.54535514e+01  beta_eff -4.73277653e-05  (1.17s)
  i  115  aspect 4.45423461e+01  beta_eff -1.96778107e-04  (1.17s)
  i  116  aspect 4.46718598e+01  beta_eff -3.92285237e-05  (1.17s)
  i  117  aspect 4.62120498e+01  beta_eff -1.25110094e-04  (1.17s)
  i  118  aspect 4.47561843e+01  beta_eff -5.13148928e-04  (1.17s)
  i  119  aspect 4.02661201e+01  beta_eff -3.00142297e-04  (1.17s)
  i  120  aspect 4.63479696e+01  beta_eff -3.26680101e-04  (1.17s)
  i  121  aspect 4.65626229e+01  beta_eff -3.49859969e-04  (1.17s)
  i  122  aspect 4.71635527e+01  beta_eff -1.18968171e-04  (1.17s)
  i  123  aspect 5.65572258e+01  beta_eff -4.65895829e-05  (1.17s)
  i  124  aspect 4.13457782e+01  beta_eff -6.29941991e-05  (1.17s)
  i  125  aspect 4.18063966e+01  beta_eff 5.26946912e-05  (1.17s)
  i  126  aspect 4.93219685e+01  beta_eff -3.67184425e-04  (1.17s)
  i  127  aspect 4.79920233e+01  beta_eff 5.68992909e-06  (1.18s)
  i  128  aspect 4.62977854e+01  beta_eff -6.34566320e-04  (1.18s)
  i  129  aspect 4.64174117e+01  beta_eff -1.61671302e-04  (1.17s)
  i  130  aspect 4.51623925e+01  beta_eff -2.40339956e-04  (1.18s)
  i  131  aspect 4.48303036e+01  beta_eff -4.06605155e-04  (1.18s)
  i  132  aspect 5.10002625e+01  beta_eff -2.09143292e-04  (1.17s)
  i  133  aspect 5.00317391e+01  beta_eff -1.23777582e-04  (1.18s)
  i  134  aspect 4.51679034e+01  beta_eff -5.67933191e-04  (1.18s)
  i  135  aspect 4.92197323e+01  beta_eff -1.81720260e-04  (1.17s)
  i  136  aspect 4.94744278e+01  beta_eff 2.39283006e-04  (1.18s)
  i  137  aspect 4.83772628e+01  beta_eff -2.17747860e-04  (1.17s)
  i  138  aspect 4.48582475e+01  beta_eff -1.53661771e-04  (1.17s)
  i  139  aspect 4.71598293e+01  beta_eff -6.72765834e-04  (1.17s)
  i  140  aspect 4.33859881e+01  beta_eff -1.84853920e-04  (1.17s)
  i  141  aspect 4.19851369e+01  beta_eff -5.63174305e-04  (1.17s)
  i  142  aspect 4.11534236e+01  beta_eff -3.96685728e-04  (1.17s)
  i  143  aspect 4.29580855e+01  beta_eff -2.28647293e-04  (1.17s)
  i  144  aspect 4.33623151e+01  beta_eff -2.21919104e-04  (1.17s)
  i  145  aspect 4.64453281e+01  beta_eff -5.58527527e-05  (1.17s)
  i  146  aspect 4.32179874e+01  beta_eff -4.69934869e-04  (1.17s)
  i  147  aspect 4.38713731e+01  beta_eff -2.59789866e-04  (1.18s)
  i  148  aspect 4.49750542e+01  beta_eff -3.91803420e-04  (1.17s)
  i  149  aspect 4.38813386e+01  beta_eff 9.65803260e-05  (1.17s)
  i  150  aspect 4.09946869e+01  beta_eff -3.04709540e-04  (1.17s)
  i  151  aspect 5.42895563e+01  beta_eff -1.19254155e-04  (1.17s)
  i  152  aspect 4.69244872e+01  beta_eff -3.91789742e-04  (1.17s)
  i  153  aspect 4.22625018e+01  beta_eff -1.59206357e-04  (1.17s)
  i  154  aspect 4.73005221e+01  beta_eff -2.57876750e-04  (1.17s)
  i  155  aspect 4.48334243e+01  beta_eff -2.88103268e-04  (1.17s)
  i  156  aspect 4.65340532e+01  beta_eff -1.36807306e-04  (1.17s)
  i  157  aspect 4.45425221e+01  beta_eff -2.27009902e-04  (1.17s)
  i  158  aspect 4.86402405e+01  beta_eff -4.73974472e-05  (1.17s)
  i  159  aspect 4.62905633e+01  beta_eff -4.47794533e-04  (1.17s)
  i  160  aspect 4.34778602e+01  beta_eff 1.20741013e-04  (1.17s)
  i  161  aspect 4.27283951e+01  beta_eff -7.42607114e-04  (1.17s)
  i  162  aspect 4.10288448e+01  beta_eff -2.84825746e-04  (1.17s)
  i  163  aspect 4.45571005e+01  beta_eff -3.92267573e-04  (1.17s)
  i  164  aspect 4.39393829e+01  beta_eff -1.32735837e-04  (1.17s)
  i  165  aspect 4.64362818e+01  beta_eff -3.53439079e-04  (1.17s)
  i  166  aspect 4.53668005e+01  beta_eff -1.36762988e-04  (1.17s)
  i  167  aspect 4.69204475e+01  beta_eff -2.63508490e-04  (1.18s)
  i  168  aspect 4.77486690e+01  beta_eff -3.41344829e-04  (1.17s)
  i  169  aspect 4.34562917e+01  beta_eff -1.39882659e-04  (1.18s)
  i  170  aspect 4.43188007e+01  beta_eff -3.97682753e-04  (1.18s)
  i  171  aspect 4.35080053e+01  beta_eff -5.76001717e-04  (1.17s)
  i  172  aspect 4.44907848e+01  beta_eff -1.97747100e-04  (1.18s)
  i  173  aspect 5.48138047e+01  beta_eff 2.15668152e-04  (1.18s)
  i  174  aspect 5.14748373e+01  beta_eff -4.00885755e-05  (1.17s)
  i  175  aspect 4.36343953e+01  beta_eff -1.72751931e-04  (1.18s)
  i  176  aspect 4.60796643e+01  beta_eff -2.37233853e-04  (1.18s)
  i  177  aspect 4.84415950e+01  beta_eff -3.10573128e-04  (1.17s)
  i  178  aspect 4.50231502e+01  beta_eff -3.63731366e-04  (1.17s)
  i  179  aspect 5.09641365e+01  beta_eff -1.02824135e-04  (1.17s)
  i  180  aspect 5.28842799e+01  beta_eff 3.29707322e-04  (1.17s)
  i  181  aspect 4.26652183e+01  beta_eff -1.43689474e-04  (1.17s)
  i  182  aspect 4.50921841e+01  beta_eff -4.99359639e-04  (1.17s)
  i  183  aspect 4.34929931e+01  beta_eff 3.01402678e-04  (1.17s)
  i  184  aspect 4.29295698e+01  beta_eff 3.63446821e-05  (1.17s)
  i  185  aspect 4.63872253e+01  beta_eff -1.00652360e-04  (1.17s)
  i  186  aspect 4.73991030e+01  beta_eff -7.59482193e-05  (1.17s)
  i  187  aspect 5.18343992e+01  beta_eff -3.97631807e-04  (1.17s)
  i  188  aspect 4.80631483e+01  beta_eff -1.76646995e-04  (1.17s)
  i  189  aspect 4.73482015e+01  beta_eff -2.04223830e-04  (1.17s)
  i  190  aspect 4.85686513e+01  beta_eff 5.01156707e-05  (1.17s)
  i  191  aspect 4.60178719e+01  beta_eff -2.24711183e-04  (1.17s)
  i  192  aspect 4.49408909e+01  beta_eff 1.46466270e-04  (1.17s)
  i  193  aspect 4.12559337e+01  beta_eff -4.25690430e-04  (1.17s)
  i  194  aspect 4.79524012e+01  beta_eff -8.44758499e-05  (1.17s)
  i  195  aspect 4.22202175e+01  beta_eff -1.54758934e-04  (1.17s)
  i  196  aspect 4.31512736e+01  beta_eff -4.21907583e-04  (1.17s)
  i  197  aspect 5.05569178e+01  beta_eff 9.07796062e-05  (1.17s)
  i  198  aspect 5.44542495e+01  beta_eff -1.62406730e-05  (1.17s)
  i  199  aspect 4.44998905e+01  beta_eff -4.71971904e-04  (1.17s)
Best: i=125  aspect=4.18063966e+01  beta_eff=5.26946912e-05
Saved best_x_min_aspect.npy and best_x_min_aspect_metrics.npy
