*** restarting ***
Default interpolation method: cubic
Solving for \bar{\iota}_0 self-consistently.
Evaluating order 3 4
Evaluating order 5 6
{'eps_crit': Array(0.00257801, dtype=float64), 'eps_conv': Array(0.00257892, dtype=float64), 'aspect': Array(258.95762178, dtype=float64), 'anisotropy': Array(0.16234427, dtype=float64), 'p_edge_eff': Array(-7.59043836, dtype=float64), 'p_axis_eff': Array(-7.59043885, dtype=float64), 'iota_a': Array(0.63701843, dtype=float64)}
*** restarting ***
{'eps_crit': Array(0.00439597, dtype=float64), 'eps_conv': Array(0.00439626, dtype=float64), 'aspect': Array(197.89867859, dtype=float64), 'anisotropy': Array(0.12267045, dtype=float64), 'p_edge_eff': Array(-15.82497998, dtype=float64), 'p_axis_eff': Array(-15.82531995, dtype=float64), 'iota_a': Array(0.16714547, dtype=float64)}
i 0 time 10.090504169464111 eps_crit 5.940758688813648e-16 1.3128258850324757 eps_conv 1.0591804728981652e-34 0.0012188686077848306
min 36595.025087958435 mean 5.64171098158784e+21
#nan 108
i 10 time 10.082003116607666 eps_crit 7.270142624320414e-16 1.3829286030533423 eps_conv 7.253217454247362e-31 0.0011895668696508552
min 362811.83426536235 mean 7.955344812050623e+22
#nan 81
i 20 time 9.550355195999146 eps_crit 7.645443689515521e-16 1.5212165445360764 eps_conv 8.946276716899436e-31 0.002124407964454253
min 919971.3668221226 mean 4.504901500148316e+21
#nan 84
i 30 time 9.309423446655273 eps_crit 7.187313629442695e-16 1.3655509996106727 eps_conv 1.072749468726607e-24 0.002384288975611414
min 147012.53021276335 mean 1.6909589911663056e+23
#nan 84
i 40 time 9.49844765663147 eps_crit 6.233393887129207e-16 1.2587915908579446 eps_conv 1.0570230394565798e-30 0.003286559901708475
min 112981.4323158815 mean 1.484652193623999e+16
#nan 51
i 50 time 10.086144924163818 eps_crit 5.961205867632977e-16 1.1256657722094359 eps_conv 1.4355576122455423e-27 0.001715237452478304
min 75101.25288870501 mean 1.4220754292804872e+20
#nan 47
i 60 time 10.083775520324707 eps_crit 5.675627552045937e-16 1.030579304220387 eps_conv 1.762971293772937e-24 0.003120439608693825
min 39214.62686270272 mean 7.370672605616751e+26
#nan 48
i 70 time 10.086206912994385 eps_crit 4.767042974504463e-16 0.9532017259977091 eps_conv 0.0 0.003641782908573075
min 10266.815897428203 mean 4.2396229999785935e+22
#nan 25
i 80 time 10.084920167922974 eps_crit 4.655133488130309e-16 0.8743701107813596 eps_conv 1.3489373292844236e-29 0.0025982648256445747
min 13293.332761688263 mean 9.78574154299555e+19
#nan 22
i 90 time 10.086493492126465 eps_crit 3.31934969639275e-16 0.8543978929399106 eps_conv 2.3847832368245508e-21 0.0035207861181846645
min 5934.589386805931 mean 1.2733355191555462e+22
#nan 21
i 100 time 9.472937822341919 eps_crit 3.4438647611435966e-16 0.6966039786418956 eps_conv 5.815220402317806e-26 0.004867439104072385
min 4835.696620564733 mean 1.1932328146741723e+20
#nan 11
i 110 time 9.963497161865234 eps_crit 2.8714849259907804e-14 0.7443189656383629 eps_conv 9.948281212852998e-18 0.004207742097729107
min 4882.297177073868 mean 2.0953007342322455e+22
#nan 10
i 120 time 9.49692153930664 eps_crit 2.554682660089213e-15 0.7176159051625715 eps_conv 5.25459447378377e-30 0.004853345047567222
min 4718.87231747334 mean 4275652707371411.5
#nan 21
i 130 time 9.153320789337158 eps_crit 1.0962808909634423e-15 0.7218349268934114 eps_conv 2.4681494764988446e-18 0.0054479417581099416
min 3450.102464555376 mean 6.7281599466267615e+19
#nan 12
i 140 time 8.693849802017212 eps_crit 8.014374203092209e-08 0.697281251656503 eps_conv 1.8546114860828474e-09 0.005304301577967113
min 3426.0194286647916 mean 63678526598084.13
#nan 14
i 150 time 9.384397745132446 eps_crit 1.0715660805007702e-15 0.6716774143567925 eps_conv 5.538609686932465e-21 0.00514208589953946
min 3118.0777151023976 mean 6.146465707682297e+19
#nan 24
i 160 time 9.686155080795288 eps_crit 1.699845680544147e-09 0.6667089408183253 eps_conv 1.3120191136395634e-10 0.005668201057669412
min 2854.5959347675484 mean 1.2757669580566306e+16
#nan 13
i 170 time 8.47418737411499 eps_crit 0.00014726521450268248 0.6207696074226553 eps_conv 6.256631698402163e-05 0.005807491336580474
min 2755.0367118125628 mean 67525.38915418531
#nan 3
i 180 time 8.44590425491333 eps_crit 0.0014998699374135804 0.6224697729599498 eps_conv 0.00014042269157920514 0.005753660507609891
min 2544.9047911831103 mean 15234.530939508673
#nan 1
i 190 time 8.41014289855957 eps_crit 0.0025341413475143426 0.6253619444543588 eps_conv 0.0009048557271680506 0.005633954440548375
min 2511.659806399026 mean 4094.517910845149
#nan 4
i 200 time 8.442267656326294 eps_crit 0.00014204472052976546 0.6224558681607877 eps_conv 4.9568586357846924e-05 0.006125968385459263
min 2372.9391211699935 mean 160781.2200687118
#nan 2
i 210 time 8.384180307388306 eps_crit 0.003214514066522735 0.005327350253224921 eps_conv 0.00010435661783941479 0.0059401625415682665
min 2270.0234713926347 mean 22639.79677417995
#nan 0
i 220 time 8.411036968231201 eps_crit 0.003457942981732228 0.595512607750518 eps_conv 0.00039261014008908584 0.006187661628475296
min 2130.756316238817 mean 4628.890724070905
#nan 2
i 230 time 8.373666763305664 eps_crit 0.0031470379482580915 0.6135553058689978 eps_conv 2.6335566091769314e-05 0.006262308945441433
min 2066.3263176514693 mean 384597.1700045118
#nan 1
i 240 time 8.389904737472534 eps_crit 0.004513789476430298 0.6334925320714508 eps_conv 0.0018112904356838242 0.005935950856500498
min 2084.7232616174583 mean 2567.6690532733596
#nan 6
i 250 time 8.383026361465454 eps_crit 0.0017041965942787098 0.6150186445389151 eps_conv 9.925402649861713e-05 0.006093850813430852
min 2078.462258144483 mean 26133.774542131723
#nan 2
i 260 time 8.372814893722534 eps_crit 0.00473942412017734 0.0054844352529862155 eps_conv 0.0009090917266933273 0.005883551825225624
min 2060.4264995749572 mean 3233.2257482730042
#nan 0
i 270 time 8.409189701080322 eps_crit 0.0020126065842187156 0.005550483108092408 eps_conv 1.4548740710915464e-06 0.006176559977041344
min 2043.1919065020372 mean 105059392.30736972
#nan 0
i 280 time 8.519906759262085 eps_crit 0.0033366413005179413 0.6369617017180719 eps_conv 3.034939496839097e-05 0.005960378450157958
min 2033.4212503575345 mean 242492.42297247684
#nan 2
i 290 time 8.400522708892822 eps_crit 0.002621426826754887 0.6295913622702046 eps_conv 7.989302931150602e-06 0.005838589189736133
min 2020.4190969373872 mean 5173690.241222595
#nan 3
i 300 time 8.42746615409851 eps_crit 0.0024561795809635158 0.6289768679232836 eps_conv 5.069694141020028e-06 0.005920405205700328
min 2015.733417871707 mean 11177544.640510375
#nan 3
i 310 time 8.383381366729736 eps_crit 0.0013963815765877263 0.6201993136216782 eps_conv 2.4128419058917077e-07 0.005748052536988769
min 2012.1766904939661 mean 3812204639.071293
#nan 2
i 320 time 8.396324396133423 eps_crit 0.005104628016914319 0.6288226659502874 eps_conv 0.0015410466732424727 0.00591049652846049
min 2000.9669157901099 mean 2553.637021029501
#nan 3
i 330 time 8.402199268341064 eps_crit 0.0027221018728132494 0.6142945917179119 eps_conv 9.547032042095843e-06 0.005918747077086027
min 1996.47032620231 mean 2509649.7417074298
#nan 4
i 340 time 8.38418197631836 eps_crit 0.0020329618758888365 0.6124297405386628 eps_conv 0.0007513378714687232 0.006251961430580221
min 1974.1933399829977 mean 2505.6028758259654
#nan 3
i 350 time 8.375637292861938 eps_crit 0.0019449239714758389 0.6154859661991965 eps_conv 0.0006213927715167312 0.0060166338782885334
min 1977.841322664718 mean 4005.742420072743
#nan 3
i 360 time 8.385425090789795 eps_crit 0.005260796304387152 0.6130999471015797 eps_conv 0.004669099419112881 0.0059525358888354515
min 1964.0729771871802 mean 2012.2825874703626
#nan 2
i 370 time 8.508374691009521 eps_crit 0.005265027137850279 0.00555018176996292 eps_conv 0.005157579612919193 0.005708198645364883
min 1955.9317589771242 mean 1980.7086552365934
#nan 0
i 380 time 8.374064445495605 eps_crit 0.0053326838182938185 0.6081549263851665 eps_conv 0.00513517753297268 0.005646096973181699
min 1954.9326136388574 mean 1973.2066884385881
#nan 1
i 390 time 8.374293804168701 eps_crit 0.005351418585622771 0.6160086475937429 eps_conv 0.0052592792860757034 0.0055667814744530374
min 1949.1416647744877 mean 1961.353946258015
#nan 1
i 400 time 8.523634433746338 eps_crit 0.005346819531867888 0.6174754908652544 eps_conv 0.005331579921422873 0.005523680915665673
min 1948.3292190721927 mean 1956.5773811770314
#nan 4
i 410 time 8.423025369644165 eps_crit 0.005360771547245216 0.6173244691577295 eps_conv 0.005333280018977867 0.005506400249405615
min 1946.6223744945487 mean 1952.1673390711026
#nan 2
i 420 time 8.423304796218872 eps_crit 0.005367033715552699 0.615202825359501 eps_conv 0.005371450541288864 0.005487240451138364
min 1945.644843771063 mean 1950.5412745603408
#nan 2
i 430 time 8.450868129730225 eps_crit 0.005363273064250152 0.618634985004321 eps_conv 0.005359629241838164 0.005468020537811948
min 1945.6149605662806 mean 1949.259677376614
#nan 2
i 440 time 8.466698169708252 eps_crit 0.005360372843943646 0.0054390537575323816 eps_conv 0.005361309650846363 0.0054521288538448
min 1945.1440936854974 mean 1948.4005499409143
#nan 0
Converged
total time 4777.74577665329
