*** restarting ***
Default interpolation method: cubic
Solving for \bar{\iota}_0 self-consistently.
Evaluating order 3 4
Evaluating order 5 6
{'eps_crit': Array(0.00257801, dtype=float64), 'eps_conv': Array(0.00257892, dtype=float64), 'aspect': Array(258.95762178, dtype=float64), 'anisotropy': Array(0.16234427, dtype=float64), 'p_edge_eff': Array(-7.59043836, dtype=float64), 'p_axis_eff': Array(-7.59043885, dtype=float64), 'iota_a': Array(0.63701843, dtype=float64)}
i 0 time 9.082161903381348 eps_crit 6.803943320331614e-16 1.1771198739265674 eps_conv 2.7166751678298273e-22 0.0034437125828528734
min 22175.15491954491 mean 2.904816087318814e+18
#nan 93
i 10 time 9.947407245635986 eps_crit 6.301361568432703e-16 1.2769399684636515 eps_conv 4.128277498916757e-26 0.0022570934931770317
min 184299.160276298 mean 6.49960061560145e+18
#nan 74
i 20 time 9.277852296829224 eps_crit 6.155571620100944e-15 1.386870430941147 eps_conv 2.2014364150998583e-26 0.0028740257564416408
min 148081.694740253 mean 2.5589476966554948e+19
#nan 69
i 30 time 9.949285984039307 eps_crit 7.313680255959275e-16 1.2309081393408652 eps_conv 8.754885405033477e-27 0.0011871988373147893
min 110917.29920715216 mean 3.957402832510523e+18
#nan 65
i 40 time 9.949278354644775 eps_crit 3.3591110022437015e-16 1.0993525707176477 eps_conv 6.237426670048634e-38 0.0015041171353758413
min 18601.343550803565 mean 3.176184362681046e+20
#nan 33
i 50 time 9.939961910247803 eps_crit 5.795510876639648e-16 1.0657193497349884 eps_conv 5.215530819299482e-30 0.0016720479046807288
min 19898.13808296396 mean 2.0761486697405996e+16
#nan 41
i 60 time 9.295424938201904 eps_crit 5.040631162421577e-16 0.9624781534085862 eps_conv 3.4749488854086514e-21 0.0018319124478279837
min 14787.64202642456 mean 6.753532508796934e+18
#nan 30
i 70 time 9.093204736709595 eps_crit 5.692416567656064e-16 0.9681691705369614 eps_conv 2.1991718028256865e-21 0.0014520890109435713
min 16782.709933466176 mean 1.4084665393837306e+16
#nan 20
i 80 time 9.954079151153564 eps_crit 4.504432483313769e-16 0.8513648617114358 eps_conv 3.59035002211183e-23 0.0031452906338335614
min 7260.113925865769 mean 56021182994.48464
#nan 16
i 90 time 9.962053775787354 eps_crit 5.598088358059374e-16 0.8873437064741518 eps_conv 1.965919124377751e-33 0.003210024670862244
min 9544.303688110527 mean 2.9480869376852576e+21
#nan 18
i 100 time 9.983505964279175 eps_crit 4.637291198558923e-16 0.8684619540319215 eps_conv 1.0496340531202217e-27 0.0033137090040845233
min 7798.847701292167 mean 208173501996021.84
#nan 25
i 110 time 9.069878816604614 eps_crit 1.7215161075870978e-12 0.6957955056402598 eps_conv 4.778228979991943e-16 0.004582901019967182
min 5686.451724020707 mean 9.03975658255428e+26
#nan 15
i 120 time 8.49193263053894 eps_crit 2.5065271888858597e-08 0.7494374518201117 eps_conv 6.045789651320227e-10 0.004508637008407783
min 5358.178713656956 mean 762138497731037.5
#nan 17
i 130 time 9.803656101226807 eps_crit 3.6427873870275843e-16 0.6178272493500127 eps_conv 2.721957176996509e-22 0.0038645196906649873
min 5359.668572813337 mean 73615149613.27066
#nan 7
i 140 time 8.700365781784058 eps_crit 2.0939226856464972e-13 0.7340970471731023 eps_conv 1.62249926234926e-16 0.004033049743725145
min 4899.076540464731 mean 10845543309113.25
#nan 8
i 150 time 8.36897087097168 eps_crit 1.9164324387356845e-07 0.661486220250626 eps_conv 2.366376345306337e-09 0.004614231120122768
min 4978.762364702052 mean 48596651258934.914
#nan 6
i 160 time 8.338956832885742 eps_crit 1.9661591518537303e-07 0.6443733805912247 eps_conv 3.1810078309724406e-09 0.00519634222698409
min 4529.356980540704 mean 26207006916740.496
#nan 7
i 170 time 8.231357336044312 eps_crit 8.206749549665176e-05 0.6570500469853101 eps_conv 7.552038286537456e-06 0.004773092654648149
min 4407.732821058883 mean 4868150.982373966
#nan 6
i 180 time 8.225590467453003 eps_crit 0.00031372124606234453 0.6295249988134434 eps_conv 0.00018274019690347386 0.004222544180440723
min 4276.388663165717 mean 17397.33527886323
#nan 1
i 190 time 8.216615676879883 eps_crit 0.0007879953670361871 0.6459191168226884 eps_conv 0.00011965831510258983 0.004414686297950476
min 4118.190167364619 mean 23580.99267502662
#nan 3
i 200 time 8.1920006275177 eps_crit 0.0021566264517188997 0.6811866504955192 eps_conv 0.0013192276946036407 0.00410924581320341
min 4110.277307868104 mean 5169.542741499195
#nan 4
i 210 time 8.166869401931763 eps_crit 0.002530156528436775 0.6372515005467313 eps_conv 0.002049836457761818 0.003885601136681289
min 3954.1355552673745 mean 4483.892414159269
#nan 1
i 220 time 8.149529695510864 eps_crit 0.0022126521227598477 0.649886688764788 eps_conv 0.001153405342083557 0.004200645578354692
min 3738.39678442036 mean 4557.539008463931
#nan 2
i 230 time 8.156436204910278 eps_crit 0.002570981424917508 0.639465803547723 eps_conv 0.0020445273994107627 0.0041488176186012
min 3530.31671572407 mean 4264.563424660688
#nan 4
i 240 time 8.21881890296936 eps_crit 0.002216826734381672 0.6517578436527943 eps_conv 0.0014036318429903709 0.004334924870809842
min 3160.833857549233 mean 4382.339057278869
#nan 6
i 250 time 8.168869256973267 eps_crit 0.0021887116764010427 0.6315524691810473 eps_conv 0.0013142912659827883 0.004618436910950551
min 3458.6216210885345 mean 4439.3916588402935
#nan 5
i 260 time 8.171674251556396 eps_crit 0.002716923125488227 0.6399310475434793 eps_conv 0.002211342367174216 0.004386467611821507
min 3515.278748273614 mean 4059.55538778718
#nan 3
i 270 time 8.19644284248352 eps_crit 0.003175419669449184 0.647353613198677 eps_conv 0.002761151912820134 0.004344031871214676
min 3503.9389341660417 mean 3860.121239568872
#nan 3
i 280 time 8.16527271270752 eps_crit 0.0032565345218382906 0.6265959909788708 eps_conv 0.0031864629770900254 0.0042874235885289255
min 3460.030527859463 mean 3658.4427419953063
#nan 1
i 290 time 8.19251275062561 eps_crit 0.0032834522811419245 0.6091432263321127 eps_conv 0.003176645059295745 0.004140579813656527
min 3430.0373630958475 mean 3617.959708997562
#nan 1
i 300 time 8.165313720703125 eps_crit 0.0022424188516675693 0.6170242071104052 eps_conv 0.001501525220482796 0.004078390468140536
min 3378.330827203772 mean 3790.6690976923605
#nan 1
i 310 time 8.226095914840698 eps_crit 0.0022697962755257144 0.6256204013220492 eps_conv 0.0017199050661445882 0.004087006607625833
min 3379.2155213003653 mean 3644.218755494065
#nan 5
i 320 time 8.196916103363037 eps_crit 0.002327756545333693 0.6304253975920996 eps_conv 0.0021485765830907984 0.00401044386540259
min 3355.6957273818325 mean 3540.8046201935485
#nan 6
i 330 time 8.194292545318604 eps_crit 0.0023331525984852065 0.003697527086889919 eps_conv 0.0021479960306656286 0.00400877848297472
min 3340.3198360097977 mean 3441.628495093552
#nan 0
i 340 time 8.169912099838257 eps_crit 0.0025202843104498705 0.6265344497536136 eps_conv 0.0026939593355532775 0.003817002982738816
min 3321.8843003274433 mean 3405.158474309466
#nan 3
i 350 time 8.178747653961182 eps_crit 0.0023236066496065623 0.6276023581433209 eps_conv 0.001861724460087878 0.004004865545205031
min 3310.624576142692 mean 3590.874809116686
#nan 2
i 360 time 8.211429357528687 eps_crit 0.0022629179157793587 0.6325628329883561 eps_conv 0.0016950982745214933 0.004932577471987302
min 2934.4842890761597 mean 3679.9286448664443
#nan 4
i 370 time 8.162898540496826 eps_crit 0.0014826219131469313 0.6276456964920506 eps_conv 0.0007672008955285173 0.0045832649678127
min 3025.9638763682483 mean 4491.7348155758655
#nan 6
i 380 time 8.864912271499634 eps_crit 0.0028989110310163753 0.00406618128477508 eps_conv 0.0030951250848975176 0.004496421697123209
min 2717.318523148069 mean 3553.683544999226
#nan 0
i 390 time 8.19417953491211 eps_crit 0.0028682328430041657 0.6247523312546465 eps_conv 0.003100397237013489 0.004651916013414353
min 2747.9065981951444 mean 3536.599968462407
#nan 1
i 400 time 8.264021635055542 eps_crit 0.002917847942460189 0.0038355115858171598 eps_conv 0.0029862640970209713 0.004100359617375413
min 2946.0482455647857 mean 3430.6974764575693
#nan 0
i 410 time 8.156591653823853 eps_crit 0.001570880632640246 0.6267990561263771 eps_conv 0.0005769272141614886 0.004242187352959426
min 2760.699272433629 mean 4205.601863452479
#nan 2
i 420 time 8.129886865615845 eps_crit 0.00234945763481099 0.6389225003648754 eps_conv 0.0014510171967578535 0.005230344528605111
min 2740.408802959162 mean 3594.2706482996236
#nan 2
i 430 time 8.13829231262207 eps_crit 0.0022367224797433484 0.0040339724699347095 eps_conv 0.0012868617064224672 0.004381498631750342
min 2748.481274233378 mean 3513.6754303426774
#nan 0
i 440 time 8.20517373085022 eps_crit 0.0029275803723887448 0.6239046111434424 eps_conv 0.003051438198990464 0.004327343838355142
min 2721.5009704497747 mean 3590.802719421716
#nan 1
i 450 time 8.156970739364624 eps_crit 0.0029589889502223393 0.004062912374624728 eps_conv 0.0031216158216878045 0.0044107128029684094
min 2724.2053433749384 mean 3555.6327260119597
#nan 0
i 460 time 8.130666017532349 eps_crit 0.0029832608046832802 0.0040206818093557785 eps_conv 0.0031337291323940944 0.004441352688365823
min 2743.799236658111 mean 3563.4796093644877
#nan 0
i 470 time 8.132317066192627 eps_crit 0.0029919713915115363 0.6257334320834826 eps_conv 0.003138430673995111 0.004409004469967512
min 2743.206579055766 mean 3303.476915791805
#nan 2
i 480 time 8.15415644645691 eps_crit 0.002988450660869787 0.004018745748504488 eps_conv 0.003118679452439301 0.004357675466093461
min 2736.891929404666 mean 3124.400211072311
#nan 0
i 490 time 8.129398107528687 eps_crit 0.0035163695923909493 0.6262343778472467 eps_conv 0.0034824165205804515 0.004377990507932456
min 2699.891860183004 mean 2928.3757789028605
#nan 1
i 500 time 8.127952814102173 eps_crit 0.0034847624563797497 0.6246570314599237 eps_conv 0.0034209253530051256 0.004397962250651168
min 2671.5551172932796 mean 2963.9974165285066
#nan 3
i 510 time 8.18293571472168 eps_crit 0.0023796967568839814 0.6320497906319678 eps_conv 0.001617497742819663 0.004408628065105252
min 2603.861392244546 mean 3013.82889395065
#nan 2
i 520 time 8.188531875610352 eps_crit 0.00174483302175709 0.6194153250170186 eps_conv 0.0007675835324791316 0.005310708683852055
min 2493.1833098171473 mean 4550.295586104811
#nan 4
i 530 time 8.155845642089844 eps_crit 0.0023980459036841055 0.6021217767015564 eps_conv 0.0009966157253174643 0.006374575593500534
min 2457.2157988726417 mean 3401.3748114513837
#nan 2
i 540 time 8.211012601852417 eps_crit 0.003588493991421792 0.597712477762001 eps_conv 0.002848300543235602 0.0057436533559673784
min 2403.898278942187 mean 2672.8813317046147
#nan 2
i 550 time 8.213267087936401 eps_crit 0.0019731361063757055 0.6023683745186981 eps_conv 0.0006445405252211314 0.00504187707264266
min 2379.52633924827 mean 4024.5055663643234
#nan 4
i 560 time 8.180259227752686 eps_crit 0.001953141019889684 0.5890910710580476 eps_conv 0.0005634550052109611 0.0052298137797810555
min 2372.3187256383403 mean 4803.058815946648
#nan 3
i 570 time 8.20300030708313 eps_crit 0.0019967533383458613 0.5932030468419451 eps_conv 0.0006784334896708248 0.005160668408182195
min 2352.011725780529 mean 4054.499662627677
#nan 1
i 580 time 8.174963474273682 eps_crit 0.0010761602518882703 0.5963688446179383 eps_conv 0.00022097810217171473 0.005034544621115017
min 2329.3896285036735 mean 10311.799205150097
#nan 2
i 590 time 8.166675806045532 eps_crit 0.0010993674212010731 0.6062910926853265 eps_conv 0.0002267425158429192 0.004991446453667647
min 2311.3048693028777 mean 7169.5487287638025
#nan 4
i 600 time 8.214887619018555 eps_crit 0.0009815290278160822 0.602916082803363 eps_conv 0.00019568942632905455 0.004932304391633017
min 2266.32566201203 mean 8400.684178227824
#nan 3
i 610 time 8.141736507415771 eps_crit 0.0040721137631986835 0.6042725690294207 eps_conv 0.003975884461832689 0.004797333492521697
min 2242.200102570353 mean 2336.4337790244326
#nan 2
i 620 time 8.169904947280884 eps_crit 0.004157399314473892 0.5977092328575604 eps_conv 0.0041721829937882635 0.004709700546569977
min 2232.4852367150747 mean 2300.5543424816624
#nan 1
i 630 time 8.196546792984009 eps_crit 0.0028904545045386645 0.6064148010004646 eps_conv 0.0023302892487906493 0.0048656311817480615
min 2222.749569137746 mean 2343.501975740114
#nan 1
i 640 time 8.267635583877563 eps_crit 0.0006054645470890195 0.6028999586720728 eps_conv 0.0004418803701280321 0.004666962258861226
min 2210.237944126686 mean 3767.92670236119
#nan 1
i 650 time 8.211039066314697 eps_crit 0.00043586052867741195 0.5970771894880148 eps_conv 0.00020255585455434898 0.004680177886606552
min 2208.347342967107 mean 16811.279730720715
#nan 3
i 660 time 8.12832260131836 eps_crit 0.002904121420446801 0.6009934105869168 eps_conv 0.002458323988543969 0.0046616220494957415
min 2203.9202073235624 mean 2320.241652339371
#nan 1
i 670 time 8.158114910125732 eps_crit 0.0010762245129349337 0.6068078086932034 eps_conv 0.0002402983023917802 0.004651174237991792
min 2205.2285614481643 mean 6424.95315476823
#nan 3
i 680 time 8.203949213027954 eps_crit 0.0010789321975224956 0.6085193592766487 eps_conv 0.0002529314914501911 0.00464428516322333
min 2198.3078530232015 mean 27619.772716753487
#nan 2
i 690 time 8.159595489501953 eps_crit 0.004270417412889619 0.004494307504671581 eps_conv 0.004292854330987046 0.004582430393865223
min 2193.270990443415 mean 2220.93204928681
#nan 0
i 700 time 9.332911491394043 eps_crit 0.0010208780696065113 0.6135538686050879 eps_conv 0.00024699298642576374 0.004654504869193225
min 2193.8327937589106 mean 7658.517636927327
#nan 3
i 710 time 8.186742544174194 eps_crit 0.001836029033786169 0.6139707938381559 eps_conv 0.0003441608459334711 0.00454978324068951
min 2189.961705241815 mean 4926.597068380877
#nan 4
i 720 time 8.203541040420532 eps_crit 0.003930121048711298 0.6072594748877495 eps_conv 0.0028971836905668947 0.004561626869205993
min 2187.125382803133 mean 2228.639736259396
#nan 2
i 730 time 8.163864374160767 eps_crit 0.004286848981765814 0.6145136747444488 eps_conv 0.004326161782908669 0.004572788214797276
min 2186.7979469975 mean 2209.4580210219824
#nan 2
i 740 time 8.134487628936768 eps_crit 0.004353080777827627 0.6080911767285393 eps_conv 0.004347365044525033 0.004510115871016353
min 2185.5169864478435 mean 2198.401186045767
#nan 4
i 750 time 8.169275045394897 eps_crit 0.004352346292566472 0.6083684048748704 eps_conv 0.00434418099368093 0.0044917475410608575
min 2184.600485506061 mean 2196.460619651068
#nan 4
i 760 time 8.209214687347412 eps_crit 0.00436191738320108 0.6109782443393063 eps_conv 0.004360557058650581 0.0044688845726037745
min 2183.7536874568927 mean 2193.7512769428845
#nan 1
i 770 time 8.22067928314209 eps_crit 0.004346279725084871 0.612961729292478 eps_conv 0.004345679545252383 0.004463676306007619
min 2181.8845154418445 mean 2192.9518616020905
#nan 7
Converged
total time 7843.021203756332
