Default interpolation method: cubic
Solving for \bar{\iota}_0 self-consistently.
Evaluating order 3 4
Evaluating order 5 6
Default interpolation method: cubic
Solving for \bar{\iota}_0 self-consistently.
Evaluating order 3 4
Evaluating order 5 6
i 0 time 3.4202916622161865 eps_crit 4.297080918173019e-16 0.0013908398551440123 eps_conv 1.0871694070248124e-24 0.0004854596382552483 beta_eff -0.00020364245396745895 0.0004806773905645599
min 26677.500308685787 mean 1.8290230473822614e+25
#nan 87
i 10 time 3.415587902069092 eps_crit 6.703772043246564e-16 0.0014432722318514668 eps_conv 8.434775021593378e-19 0.0004875690218241038 beta_eff -0.0006733092554743452 0.0002587257230225223
min 24444.10848625211 mean 6.675768407170599e+29
#nan 65
i 20 time 3.4123661518096924 eps_crit 8.304914398505325e-16 0.001087108964871457 eps_conv 9.437905711287207e-16 0.0004522813398643424 beta_eff -0.00469281007509884 6.68675656533306e-05
min 57495.835999867566 mean 3.991126520258489e+25
#nan 51
i 30 time 3.416463613510132 eps_crit 8.757957968817246e-16 0.0019208398818066005 eps_conv 1.874033308430618e-32 0.0006296617653187217 beta_eff -0.011693561811686938 7.965413631780148e-05
min 177849.35691809547 mean 2.7023688876186868e+20
#nan 57
i 40 time 3.4202921390533447 eps_crit 9.505186398345287e-16 0.0016264238550387448 eps_conv 1.433160862329981e-23 0.0006438414181126293 beta_eff -0.0075768530437152065 6.465980808721908e-05
min 134643.7555662386 mean 9.972233299678673e+24
#nan 59
i 50 time 3.4118332862854004 eps_crit 8.745402693820266e-16 0.0021402376258563005 eps_conv 1.174678824962959e-36 0.0003910014355681105 beta_eff -0.008281339456166109 0.00038484733834224757
min 81868.2889339435 mean 2.975123965679854e+20
#nan 45
i 60 time 3.416670322418213 eps_crit 6.324953628237666e-16 0.002675483721345933 eps_conv 1.9830933343790626e-31 0.0004771625804071815 beta_eff -0.009561332627505525 0.004129721258157721
min 111889.00492501665 mean 9.866194158306463e+22
#nan 50
i 70 time 3.4327189922332764 eps_crit 9.231231925355135e-16 0.0029469411736362167 eps_conv 9.206045823525539e-22 0.0007689912401965703 beta_eff -0.006833343793874251 0.0010616788445941606
min 22615.263270086012 mean 9492210831794.87
#nan 37
i 80 time 3.426339864730835 eps_crit 9.706962387380561e-16 0.0028974930328081504 eps_conv 1.0808411817919218e-26 0.0012030618461958559 beta_eff -0.01043418685314853 0.004357195741018062
min 13497.942592618918 mean 3.9118372188451945e+21
#nan 34
i 90 time 3.443650007247925 eps_crit 9.211680068401006e-16 0.0029095166957383363 eps_conv 3.0495027773600626e-21 0.0009287205343378907 beta_eff -0.004596024618000449 0.0035531221068447675
min 8516.087076187 mean 7372334995492772.0
#nan 22
i 100 time 3.42769193649292 eps_crit 1.320426102697246e-15 0.004141708650609184 eps_conv 1.5180326195352692e-30 0.001724932607323758 beta_eff -0.005112043874077881 0.0013793971095939293
min 8680.991065495142 mean 4.3138740848713825e+25
#nan 12
i 110 time 3.4128029346466064 eps_crit 1.1856004911132108e-15 0.004020267192426272 eps_conv 2.5446783100444856e-20 0.0012030235768269286 beta_eff -0.002691163433611033 0.0027101792851350177
min 5803.895175098835 mean 2.4750993055613436e+16
#nan 4
i 120 time 3.4050564765930176 eps_crit 1.0882758900188508e-15 0.0036907237039976136 eps_conv 5.063445756335352e-23 0.0018288046572518177 beta_eff -0.0020479526681433523 0.0008445016470860115
min 5679.866284670072 mean 1.6853401154260227e+18
#nan 8
i 130 time 3.4005892276763916 eps_crit 1.0719762586192915e-15 0.004261378173712902 eps_conv 6.65404319187333e-23 0.0014119429897121326 beta_eff -0.0022713220147273444 0.0012053614353102029
min 3078.2225594109154 mean 2.1882154437419462e+17
#nan 20
i 140 time 3.405132532119751 eps_crit 9.48415020262821e-16 0.004052274796334761 eps_conv 3.9766365025576666e-34 0.002490091621113648 beta_eff -0.001111847024709843 0.0014089743622348997
min 1370.7986209197682 mean 2.6179494645710444e+18
#nan 13
i 150 time 3.3986988067626953 eps_crit 7.569008467796382e-16 0.003943532285932619 eps_conv 5.4335157709696964e-09 0.0022543576887177385 beta_eff -0.000350377299234076 0.001531660628146646
min 1799.0967633885218 mean 962387675397.0417
#nan 13
i 160 time 3.4008960723876953 eps_crit 7.084505528224759e-16 0.003825217956167089 eps_conv 1.9218691901384026e-24 0.0024696329119537463 beta_eff -0.0003392426740804645 0.0013614331388617238
min 1338.5067530623094 mean 5.26425410983848e+17
#nan 17
i 170 time 3.3996341228485107 eps_crit 9.209355223780582e-16 0.00414322544807577 eps_conv 5.404419911405452e-09 0.003275308284102939 beta_eff -6.484830951930557e-05 0.001811613766933008
min 992.5939875513897 mean 1200893910188.2048
#nan 15
i 180 time 3.400993585586548 eps_crit 1.011524900747656e-15 0.004113552070719656 eps_conv 1.2680851285267273e-05 0.004514536252761923 beta_eff -8.636413695894798e-06 0.002304832303470791
min 766.0309783551405 mean 493928.40713606286
#nan 5
i 190 time 3.4075863361358643 eps_crit 1.0168149080333965e-15 0.004241676374277175 eps_conv 4.6749340778997625e-09 0.0043570115357824514 beta_eff 3.42259063998053e-11 0.0019457073654620648
min 657.9016478948356 mean 2074682807021.8943
#nan 2
i 200 time 3.4047884941101074 eps_crit 7.20084059022158e-16 0.004100797135264361 eps_conv 8.155211433955624e-06 0.004473200392603277 beta_eff -0.0001750462725821421 0.0014076732879169088
min 578.778935746948 mean 1176274.391981617
#nan 3
i 210 time 3.4053878784179688 eps_crit 9.817003150008627e-16 0.004098462994086397 eps_conv 9.13834647272702e-10 0.004153434273040583 beta_eff -0.0004000177659336666 0.0010916661534095858
min 553.3562676406603 mean 44687583217672.02
#nan 1
i 220 time 3.4053285121917725 eps_crit 1.0517213019537768e-15 0.003966393622190046 eps_conv 0.00011610110219946198 0.004063455913920102 beta_eff -0.0006292499683439386 0.0007836204578097047
min 506.3140500326486 mean 6611.880391487078
#nan 2
i 230 time 3.412851572036743 eps_crit 9.725737215651885e-16 0.003833781880279854 eps_conv 0.0010667649678871313 0.0041256195646330795 beta_eff -0.0007923043310241772 0.0007001922323144586
min 504.43266405317434 mean 787.3039511605965
#nan 4
i 240 time 3.4170877933502197 eps_crit 9.944117878653083e-16 0.003838426338333219 eps_conv 0.0001391424833791855 0.003955305789168504 beta_eff -0.0005167153222625892 0.00064970018902977
min 492.0609422065445 mean 2596.725509590985
#nan 5
i 250 time 3.427412509918213 eps_crit 9.749095907070702e-16 0.003956314426507962 eps_conv 0.0015262652523021535 0.004087216055058232 beta_eff -0.0006357992279951136 0.0006041457619659174
min 471.7874564006396 mean 622.0377217671615
#nan 6
i 260 time 3.41021990776062 eps_crit 8.657927694747018e-16 0.004000851471051646 eps_conv 0.00039906941670078396 0.004095680700375545 beta_eff -0.0011211443412815463 0.0009853910389208487
min 480.9274253164116 mean 1148.0599426730155
#nan 3
i 270 time 3.4172446727752686 eps_crit 9.703489602442123e-16 0.0038938976246125977 eps_conv 0.001843567907313006 0.004391656995856652 beta_eff -0.0006391978798307408 0.0008950934476343619
min 441.04530020423664 mean 586.0429785052243
#nan 4
i 280 time 3.4149069786071777 eps_crit 9.281623699532671e-16 0.0039703044747000146 eps_conv 0.0012968333826418503 0.004255092374041459 beta_eff -0.0005538441917045464 0.0008198023092664484
min 431.7970303995066 mean 617.4737324255641
#nan 6
i 290 time 3.4203577041625977 eps_crit 9.880267474536818e-16 0.0038123019679645173 eps_conv 0.0017536572517945377 0.004218497723952141 beta_eff -0.00026941436910615985 0.000981797271736484
min 425.5395916234644 mean 536.9049917385116
#nan 9
i 300 time 3.428471088409424 eps_crit 9.93718569063239e-16 0.003744888904643107 eps_conv 0.0021840339533087806 0.004283705318741677 beta_eff -0.00012971878665964023 0.0008218179704293116
min 415.7455887010214 mean 482.53803382421074
#nan 4
i 310 time 3.441765785217285 eps_crit 1.025857591703282e-15 0.0036931171789905794 eps_conv 0.0026596403412373583 0.003997569051863746 beta_eff -3.7065994001535594e-05 0.0007568753135802325
min 407.44870010333113 mean 452.6493451194452
#nan 8
i 320 time 3.435796022415161 eps_crit 1.0322374318988338e-15 0.0037662184687658686 eps_conv 0.0029955481934810816 0.004039328314646542 beta_eff 0.0002362043951388889 0.0009326976574624655
min 398.97256526282547 mean 436.5439547648344
#nan 9
i 330 time 3.4277021884918213 eps_crit 1.0236244709195289e-15 0.003691113251189273 eps_conv 0.003098724932760957 0.003933877169012127 beta_eff 0.00037202503095294854 0.0011204301209667559
min 396.2434447489535 mean 425.93232498010474
#nan 8
i 340 time 3.416898012161255 eps_crit 1.0371265285295376e-15 0.0036548484624557456 eps_conv 0.003198803542937099 0.0038257228449813576 beta_eff 0.0003539556501517426 0.0009654284779263801
min 394.07548337199086 mean 411.5481419803652
#nan 7
i 350 time 3.4060020446777344 eps_crit 1.0340438277588598e-15 0.0036741884537861203 eps_conv 0.003321333649883722 0.00380029880062061 beta_eff 0.000513069491247162 0.0009667824994606997
min 389.7285157653508 mean 404.4432027691993
#nan 4
i 360 time 3.406320333480835 eps_crit 1.0472140092884261e-15 0.003667829269337092 eps_conv 0.0034129208962827436 0.0037773393727042704 beta_eff 0.0005683700170884519 0.0009247345967797634
min 389.0604337468287 mean 398.570414799642
#nan 5
i 370 time 3.413052558898926 eps_crit 1.0504756413403085e-15 0.003643703323706256 eps_conv 0.0007308347161630536 0.0037523326264909374 beta_eff 0.00014756014490981592 0.0009372667381170179
min 388.39483959843614 mean 448.2070568944015
#nan 3
i 380 time 3.3967323303222656 eps_crit 1.0491332107529661e-15 0.003658294632797439 eps_conv 0.0034705486629164053 0.003721857025586221 beta_eff 0.000636633992703681 0.0008928848290160287
min 387.16577121933926 mean 394.5601582804964
#nan 8
i 390 time 3.408095598220825 eps_crit 1.0524159785417821e-15 0.003653749626461391 eps_conv 0.0034809531604951386 0.003696791860391794 beta_eff 0.0006747107224981944 0.0008757286332721373
min 386.79774962105216 mean 392.53387559857066
#nan 2
i 400 time 3.41066312789917 eps_crit 1.044227988029402e-15 0.0036362925603252647 eps_conv 0.003531839999486159 0.0036880266135037006 beta_eff 0.0006565814833846062 0.0008699990008114677
min 386.12226433234537 mean 390.27421390419914
#nan 6
i 410 time 3.3993473052978516 eps_crit 1.0505218324416878e-15 0.003646768783409231 eps_conv 0.00034137524133215146 0.0036608601275944725 beta_eff 5.840275845140781e-05 0.0008385072502907253
min 385.49248902082184 mean 650.0823118496277
#nan 6
i 420 time 3.3976001739501953 eps_crit 1.05221538764509e-15 0.0036409367709759007 eps_conv 0.003536210935812909 0.0036650575089264485 beta_eff 0.0007121393072303416 0.0008277591713706742
min 385.283693251962 mean 388.02775411813474
#nan 8
i 430 time 3.396169424057007 eps_crit 1.0539765395051145e-15 0.0036361158998721075 eps_conv 0.0003417631313934388 0.0036533031381472663 beta_eff 5.6709174617459376e-05 0.0008152757021284803
min 384.76131735310315 mean 646.39229476501
#nan 7
i 440 time 3.3983330726623535 eps_crit 1.0596160912907048e-15 0.0036307654566981405 eps_conv 0.00353550586219978 0.0036486068474035752 beta_eff 0.0007034770163722849 0.000835600413377908
min 384.7923122112974 mean 387.5936313189879
#nan 2
i 450 time 3.399557590484619 eps_crit 1.057067732805041e-15 0.0036262660003183555 eps_conv 1.3470378574479667e-06 0.0036385421930171967 beta_eff 2.2193885459503163e-07 0.0007986713654611943
min 384.60799603598286 mean 18104527.754346155
#nan 7
i 460 time 3.401085138320923 eps_crit 1.0543516693950139e-15 0.0036185745311865395 eps_conv 8.563008741905948e-06 0.003625859151295089 beta_eff 1.3621525180332973e-06 0.0008110631099866312
min 384.2795755092143 mean 412923.3355896346
#nan 3
i 470 time 3.4007911682128906 eps_crit 1.0555337870504575e-15 0.003613526340617563 eps_conv 7.269347995851741e-06 0.003624107558862435 beta_eff 1.2054011890470303e-06 0.000794023033280937
min 384.2492046570789 mean 589656.0093277617
#nan 10
i 480 time 3.4040966033935547 eps_crit 1.0627279789606724e-15 0.0035984664376186013 eps_conv 0.0035168908266186294 0.0036182379894578783 beta_eff 0.0006807417410708413 0.0007781727855967663
min 384.19706360617016 mean 386.3650786025193
#nan 8
i 490 time 3.4133739471435547 eps_crit 1.0650181947654961e-15 0.0035872739471980684 eps_conv 0.0035103024556196964 0.0036008666944091806 beta_eff 0.0006892324962434691 0.0007857505680365142
min 383.8797596472065 mean 385.8580351204583
#nan 7
Converged
total time 5893.684653997421
