*** restarting ***
Default interpolation method: cubic
Solving for \bar{\iota}_0 self-consistently.
Evaluating order 3 4
Evaluating order 5 6
{'eps_crit': Array(0.00257801, dtype=float64), 'eps_conv': Array(0.00257892, dtype=float64), 'aspect': Array(258.95762178, dtype=float64), 'anisotropy': Array(0.16234427, dtype=float64), 'p_edge_eff': Array(-7.59043836, dtype=float64), 'p_axis_eff': Array(-7.59043885, dtype=float64), 'iota_a': Array(0.63701843, dtype=float64)}
i 0 time 9.072153329849243 eps_crit 6.803943320331614e-16 1.1771198739265674 eps_conv 2.7166751678298273e-22 0.0034437125828528734
min 22175.15491954491 mean 2.904816087318814e+18
#nan 93
i 10 time 9.940850257873535 eps_crit 6.301361568432703e-16 1.2769399684636515 eps_conv 4.128277498916757e-26 0.0022570934931770317
min 184299.160276298 mean 6.49960061560145e+18
#nan 74
i 20 time 9.2702476978302 eps_crit 6.155571620100944e-15 1.386870430941147 eps_conv 2.2014364150998583e-26 0.0028740257564416408
min 148081.694740253 mean 2.5589476966554948e+19
#nan 69
i 30 time 9.95500373840332 eps_crit 7.313680255959275e-16 1.2309081393408652 eps_conv 8.754885405033477e-27 0.0011871988373147893
min 110917.29920715216 mean 3.957402832510523e+18
#nan 65
i 40 time 9.970524311065674 eps_crit 3.3591110022437015e-16 1.0993525707176477 eps_conv 6.237426670048634e-38 0.0015041171353758413
min 18601.343550803565 mean 3.176184362681046e+20
#nan 33
i 50 time 9.967310667037964 eps_crit 5.795510876639648e-16 1.0657193497349884 eps_conv 5.215530819299482e-30 0.0016720479046807288
min 19898.13808296396 mean 2.0761486697405996e+16
#nan 41
i 60 time 9.302744388580322 eps_crit 5.040631162421577e-16 0.9624781534085862 eps_conv 3.4749488854086514e-21 0.0018319124478279837
min 14787.64202642456 mean 6.753532508796934e+18
#nan 30
i 70 time 9.087203979492188 eps_crit 5.692416567656064e-16 0.9681691705369614 eps_conv 2.1991718028256865e-21 0.0014520890109435713
min 16782.709933466176 mean 1.4084665393837306e+16
#nan 20
i 80 time 9.950783967971802 eps_crit 4.504432483313769e-16 0.8513648617114358 eps_conv 3.59035002211183e-23 0.0031452906338335614
min 7260.113925865769 mean 56021182994.48464
#nan 16
i 90 time 9.945758819580078 eps_crit 5.598088358059374e-16 0.8873437064741518 eps_conv 1.965919124377751e-33 0.003210024670862244
min 9544.303688110527 mean 2.9480869376852576e+21
#nan 18
