*** restarting ***
Default interpolation method: cubic
Solving for \bar{\iota}_0 self-consistently.
Evaluating order 3 4
Evaluating order 5 6
{'eps_crit': Array(0.00257801, dtype=float64), 'eps_conv': Array(0.00257892, dtype=float64), 'aspect': Array(258.95762178, dtype=float64), 'anisotropy': Array(0.16234427, dtype=float64), 'p_edge_eff': Array(-7.59043836, dtype=float64), 'p_axis_eff': Array(-7.59043885, dtype=float64), 'iota_a': Array(0.63701843, dtype=float64)}
*** restarting ***
{'eps_crit': Array(0.00439597, dtype=float64), 'eps_conv': Array(0.00439626, dtype=float64), 'aspect': Array(197.89867859, dtype=float64), 'anisotropy': Array(0.12267045, dtype=float64), 'p_edge_eff': Array(-15.82497998, dtype=float64), 'p_axis_eff': Array(-15.82531995, dtype=float64), 'iota_a': Array(0.16714547, dtype=float64)}
*** restarting ***
{'eps_crit': Array(0.00539855, dtype=float64), 'eps_conv': Array(0.00540411, dtype=float64), 'aspect': Array(160.9715613, dtype=float64), 'anisotropy': Array(0.34988072, dtype=float64), 'p_edge_eff': Array(-2.23095779, dtype=float64), 'p_axis_eff': Array(-2.23205459, dtype=float64), 'iota_a': Array(-0.53921948, dtype=float64)}
i 0 time 10.130215167999268 eps_crit 5.983416174989609e-16 1.1341721363669348 eps_conv 0.0 0.0005687583051595702
min 192554.72281799695 mean 9.711345972319543e+18
#nan 112
i 10 time 9.359812259674072 eps_crit 6.974788378407736e-16 1.1148148612146644 eps_conv 8.061484004376085e-23 0.0023255958125323706
min 31868.062908071635 mean 3.1036191275896304e+22
#nan 59
i 20 time 9.514909267425537 eps_crit 7.282376167050575e-16 1.3425774422137517 eps_conv 8.225013923673824e-25 0.0018086572709675932
min 185691.61678688458 mean 1.0650873451419695e+21
#nan 82
i 30 time 10.107384204864502 eps_crit 5.131575899633843e-16 1.1770591983464704 eps_conv 1.380645991383172e-35 0.002119356994737201
min 113757.1453882864 mean 6.035391003631977e+19
#nan 68
i 40 time 9.472366333007812 eps_crit 6.101086775959722e-16 1.2125349304154214 eps_conv 1.168992904886813e-21 0.0019143096654307883
min 40636.04333062843 mean 1.6903178466112215e+20
#nan 53
i 50 time 10.147886991500854 eps_crit 5.099747182656832e-16 1.0662223174762868 eps_conv 5.283048479977504e-30 0.002660009369150559
min 11616.982876506929 mean 1.7806875133011467e+23
#nan 31
i 60 time 8.799249172210693 eps_crit 6.270169631862887e-09 1.0056913992578398 eps_conv 1.248724441766598e-09 0.0031486822350798825
min 7519.064501512444 mean 175339357417344.8
#nan 31
i 70 time 10.14623737335205 eps_crit 3.8486022227019206e-16 0.8856920886269564 eps_conv 8.52730717616501e-29 0.003937937731052457
min 5536.845404285403 mean 11981337807331.057
#nan 24
i 80 time 9.471145629882812 eps_crit 4.853680525938073e-16 0.8669743562466465 eps_conv 4.41684541358536e-32 0.0038385632486845913
min 5408.929234938049 mean 1.4635715876222856e+20
#nan 16
i 90 time 9.617878198623657 eps_crit 1.1451543098428095e-15 0.8236057706771206 eps_conv 4.1115139760873426e-19 0.005183895500619574
min 2957.7284427227714 mean 5484297008448.499
#nan 12
i 100 time 9.223527431488037 eps_crit 9.34361382219475e-15 0.8245381245855563 eps_conv 2.210075703908983e-18 0.005332476112135105
min 3203.638329719446 mean 6.021503331227887e+20
#nan 20
i 110 time 9.207007646560669 eps_crit 4.690639814313346e-16 0.7853301294348511 eps_conv 1.894941203081894e-19 0.005595588762692311
min 2237.5284870649357 mean 21529886537.851536
#nan 4
i 120 time 8.603404521942139 eps_crit 1.5628037632000858e-07 0.7131706692082195 eps_conv 4.975010794571018e-08 0.006428271931590827
min 2190.0857689377444 mean 123475310368.10202
#nan 3
i 130 time 8.609681844711304 eps_crit 1.2767155652496932e-05 0.657948699020614 eps_conv 5.20994326661249e-07 0.006132429047744661
min 2154.1907875931493 mean 636308611.5769343
#nan 1
i 140 time 8.517147302627563 eps_crit 0.0011652062089730362 0.004881805178529323 eps_conv 2.2998851878659072e-07 0.005965298440154689
min 2064.225784406109 mean 3175551616.1600537
#nan 0
i 150 time 8.446290493011475 eps_crit 0.0038312850777908404 0.7269627881058038 eps_conv 0.0002871706088547742 0.005612637143979957
min 2060.740410649085 mean 5314.442259648024
#nan 2
i 160 time 8.447047472000122 eps_crit 0.0032168511624021006 0.6986268585600837 eps_conv 8.181860800127837e-05 0.0053747826348079725
min 2050.1588535469073 mean 29380.10580520748
#nan 3
i 170 time 8.57349944114685 eps_crit 0.004284435090636333 0.7022531934793991 eps_conv 0.0022738280913069844 0.005217946373392196
min 2015.1252699084869 mean 2231.0161831461737
#nan 2
i 180 time 8.437208414077759 eps_crit 0.004469325386853097 0.7003310988592492 eps_conv 0.0021813035172606665 0.0052851747369414195
min 2012.1229784978125 mean 2170.533899191524
#nan 4
i 190 time 8.444218158721924 eps_crit 0.004626606830351098 0.004968782187564224 eps_conv 0.004133168242000549 0.005266378215884166
min 1998.189634651287 mean 2044.7305555846629
#nan 0
i 200 time 8.599259614944458 eps_crit 0.004655190191476865 0.6926392866780493 eps_conv 0.00410281001892562 0.005308671139456899
min 1979.5761896558042 mean 2047.7494230665905
#nan 2
i 210 time 8.4355309009552 eps_crit 0.004718073462620375 0.6799554487118066 eps_conv 0.00416234566578373 0.005277530817179184
min 1980.8572969863535 mean 2030.7772813979075
#nan 3
i 220 time 8.42993974685669 eps_crit 0.004674728167868069 0.005134464002910808 eps_conv 0.00429925647066535 0.00529816980135716
min 1974.9740240033864 mean 2021.2544258575424
#nan 0
i 230 time 8.444329261779785 eps_crit 0.0048581914150127355 0.6707912754239622 eps_conv 0.004684312747447925 0.0053311610020326285
min 1965.7572888222298 mean 2003.65445073054
#nan 3
i 240 time 8.449503183364868 eps_crit 0.004873783783812887 0.6476129136602269 eps_conv 0.004602662751789252 0.005392587480236278
min 1959.672697409424 mean 2003.4674551917615
#nan 1
Converged
total time 3207.439204931259
