Default interpolation method: cubic
Solving for \bar{\iota}_0 self-consistently.
Evaluating order 3 4
Evaluating order 5 6
Default interpolation method: cubic
Solving for \bar{\iota}_0 self-consistently.
Evaluating order 3 4
Evaluating order 5 6
i 0 time 3.392388105392456 eps_crit 9.414339031244034e-16 0.003262148005868247 eps_conv 3.185094666183643e-18 0.0009863320035817108 beta_eff -0.00020113970681493343 0.00028465963564366594
min 5433.652522868473 mean 1.0191165464248212e+26
#nan 44
i 10 time 3.391310453414917 eps_crit 9.567687486696924e-16 0.004366228406456517 eps_conv 1.151776792165866e-09 0.0016438368182760538 beta_eff -0.00036226698773779924 0.0002449744299411593
min 1972.2897959531263 mean 23103393425924.71
#nan 40
i 20 time 3.3897781372070312 eps_crit 1.053886640562784e-15 0.004569491167474864 eps_conv 2.3436149369494655e-07 0.001683778766232431 beta_eff -0.0008674890847032983 0.00044781484835417347
min 2234.1025181453724 mean 1129911404.6105013
#nan 22
i 30 time 3.385885000228882 eps_crit 1.0909820815384999e-15 0.006674986284809355 eps_conv 5.083369646853966e-07 0.0019580737513971284 beta_eff -0.00030227133959352095 0.0006487912806757372
min 1173.9940584488018 mean 169309838.3500134
#nan 6
i 40 time 3.395714044570923 eps_crit 1.093632354863831e-15 0.00702879277057328 eps_conv 7.266525113366908e-06 0.0034293060018046866 beta_eff -0.00024195059521276807 0.0005777575403951424
min 405.87000293552677 mean 1098169.6735737238
#nan 8
i 50 time 3.3940887451171875 eps_crit 1.1058818240567819e-15 0.007545429497129965 eps_conv 1.1820488153510789e-06 0.0033180653773186254 beta_eff -0.0009341226778061706 0.0010253770438094865
min 451.45618863464074 mean 18102169.438744638
#nan 4
i 60 time 3.395416259765625 eps_crit 1.102274947542743e-15 0.009114888118466493 eps_conv 6.89601107655359e-05 0.004727995468426152 beta_eff -0.0008043417549933869 0.0014851143605256825
min 155.71261121753022 mean 13069.77128649494
#nan 3
i 70 time 3.386242628097534 eps_crit 1.1443804917804612e-15 0.009224417127282118 eps_conv 0.0001673299093087402 0.004451389540782121 beta_eff -0.0007747588063161893 0.0013611135972362023
min 224.2295322069726 mean 5547.552557455655
#nan 3
i 80 time 3.3903324604034424 eps_crit 1.1069114443434518e-15 0.012988118862951521 eps_conv 0.0007275170680006926 0.007263719624386253 beta_eff -0.0002733741474059265 0.002377090819132597
min 70.65038165383753 mean 674.602609971651
#nan 5
i 90 time 3.3800172805786133 eps_crit 1.116661375170657e-15 0.015541198395103508 eps_conv 0.0004180075605576303 0.00968773685096313 beta_eff -0.00046392974654728734 0.0013741870469553361
min 29.010810873614805 mean 607.9844097083359
#nan 3
i 100 time 3.389720916748047 eps_crit 1.099737471152941e-15 0.018155320505318297 eps_conv 0.001023830094385984 0.0098107012904926 beta_eff -0.0004271428082175363 0.0016689447459054124
min 24.540446210114588 mean 205.78537903379907
#nan 11
i 110 time 3.3798482418060303 eps_crit 1.1066103987552035e-15 0.018161745526639003 eps_conv 0.0013396378624358064 0.010299240795086387 beta_eff -0.0005746117781741089 0.0017019063913390365
min 23.523141321617775 mean 138.53287126987286
#nan 9
i 120 time 3.3762872219085693 eps_crit 1.1186787858220734e-15 0.02108106579583566 eps_conv 0.0019190099424583802 0.011665920677051125 beta_eff -0.00043541322949356646 0.0013662408493445586
min 17.196940455526924 mean 70.6385915182351
#nan 8
i 130 time 3.372234582901001 eps_crit 1.1095951574539142e-15 0.021373224130261336 eps_conv 0.0037585663339682043 0.01288202245044386 beta_eff -0.000663869361721898 0.0008482708769135543
min 11.144452677247864 mean 40.075666250231166
#nan 13
i 140 time 3.3716039657592773 eps_crit 1.111802946950264e-15 0.021635667910416777 eps_conv 0.004761562314514304 0.014142816676275304 beta_eff -0.0006520845125178227 0.0007229930590193359
min 8.204650841048805 mean 24.960100652304504
#nan 2
i 150 time 3.3752050399780273 eps_crit 1.1076787706598002e-15 0.022533275215171265 eps_conv 0.004584096194765009 0.014374273933704412 beta_eff -0.00042146175076302253 0.0007215520144378973
min 6.712094030971269 mean 23.706181940280764
#nan 6
i 160 time 3.3751368522644043 eps_crit 1.1065367669718218e-15 0.021474956789584217 eps_conv 0.0024546130744117207 0.014856134081014152 beta_eff -0.0007334512470035472 0.0008430846622799747
min 6.02588570655337 mean 28.664580381788145
#nan 10
i 170 time 3.3847179412841797 eps_crit 1.1112298613832277e-15 0.022252844350293063 eps_conv 0.004194558186102078 0.01637184137064836 beta_eff -0.0008162615745576852 0.0004953508196630054
min 4.045146052271759 mean 13.216114999149227
#nan 11
i 180 time 3.3750925064086914 eps_crit 1.1117977459198927e-15 0.02377539849543295 eps_conv 0.007387506742052427 0.01691678332910378 beta_eff -0.000720022182898964 0.0005465965166220992
min 3.2133317890898643 mean 8.074248496856384
#nan 3
i 190 time 3.3770453929901123 eps_crit 1.115768776877646e-15 0.024712835929073335 eps_conv 2.0114002616913996e-20 0.017306318630032937 beta_eff -0.000781369926661175 0.0004425367427815329
min 2.8761382226302397 mean 5.119495859365944
#nan 2
i 200 time 3.3747718334198 eps_crit 0.019120103003181215 0.02594531274750374 eps_conv 0.012277710812772987 0.017854678136573838 beta_eff -0.0008798309049231289 0.00039830071017859153
min 2.3043627364224606 mean 4.660524259863268
#nan 0
Converged
total time 2365.3659687042236
