*** restarting ***
Default interpolation method: cubic
Solving for \bar{\iota}_0 self-consistently.
Evaluating order 3 4
Evaluating order 5 6
{'eps_crit': Array(0.71639259, dtype=float64), 'eps_conv': Array(nan, dtype=float64), 'aspect': Array(nan, dtype=float64), 'anisotropy': Array(nan, dtype=float64), 'p_edge_eff': Array(nan, dtype=float64), 'p_axis_eff': Array(8.34344626, dtype=float64), 'iota_a': Array(nan, dtype=float64)}
i 0 time 9.916692972183228 eps_crit 5.127539608830423e-16 1.1200675366526998 eps_conv 4.183280661077445e-23 0.004576531967638251
min 8129.066599113232 mean 1.4211171030127102e+21
#nan 99
i 10 time 9.90246295928955 eps_crit 5.740555119359012e-16 1.154331399951705 eps_conv 2.577256266588833e-34 0.001982723682475199
min 45153.41658327411 mean 6.124902589219485e+22
#nan 64
i 20 time 9.904419183731079 eps_crit 7.299609350397024e-16 1.270171040999345 eps_conv 4.2868705647360895e-27 0.0021737049782307493
min 29467.162592494788 mean 1.0138116223786476e+18
#nan 83
i 30 time 9.906572580337524 eps_crit 4.181232563378071e-16 1.2477966176184931 eps_conv 9.484123115826053e-24 0.0044941433048865335
min 18157.542832719366 mean 1.7963694247408445e+20
#nan 78
i 40 time 9.005672454833984 eps_crit 3.0753417334105355e-14 1.137034137728523 eps_conv 7.754812958869477e-17 0.003188492253115975
min 22399.78696191385 mean 4.5897178220729715e+17
#nan 61
i 50 time 9.908489465713501 eps_crit 5.453874886816831e-16 1.0311973258426976 eps_conv 1.3118019942113712e-27 0.0026628927577709714
min 15089.522549664489 mean 1085980192932996.1
#nan 53
i 60 time 9.19616413116455 eps_crit 5.059051280814635e-16 0.9612942995665529 eps_conv 5.90765241096881e-20 0.0029036825050357054
min 7509.662207308969 mean 2.4112041257657943e+21
#nan 24
i 70 time 9.170032501220703 eps_crit 4.757073874405517e-16 0.8473702357774675 eps_conv 1.1278176870206636e-22 0.004007646375973859
min 3938.7216337380796 mean 668241927941837.9
#nan 16
i 80 time 9.80378246307373 eps_crit 5.192161725769469e-15 0.8530396098216507 eps_conv 4.122300502712269e-28 0.005889684413680746
min 4263.887219571412 mean 4.4104716816633356e+23
#nan 33
i 90 time 9.08926796913147 eps_crit 4.0000800797447906e-16 0.8965402161642909 eps_conv 4.7409589491881573e-23 0.005159831952793627
min 4088.9595350450927 mean 3.864827048485907e+17
#nan 19
i 100 time 9.912299871444702 eps_crit 3.6521271718470213e-16 0.75820233645938 eps_conv 4.2014104038006724e-22 0.006089469591891186
min 2288.1803702653033 mean 636566705924941.4
#nan 26
i 110 time 9.91085958480835 eps_crit 3.52584565841512e-16 0.8203098279871649 eps_conv 2.0844994950522992e-22 0.006545516368659498
min 2422.90693277857 mean 1401227314325729.2
#nan 32
i 120 time 9.78992748260498 eps_crit 4.0148172792722164e-14 0.7911905197769533 eps_conv 4.930523312816494e-16 0.008674432106281889
min 1316.4333686479947 mean 12919224603447.363
#nan 22
i 130 time 8.549592018127441 eps_crit 5.686276708618803e-07 0.780135176534887 eps_conv 9.284839109415335e-08 0.008482027282768666
min 1184.8030364667136 mean 28550259699.32212
#nan 24
i 140 time 9.382824182510376 eps_crit 9.159244930632122e-06 0.7242777662444463 eps_conv 5.0924480935655735e-26 0.00834932368130354
min 1061.55696003288 mean 51621522.08539436
#nan 20
i 150 time 8.435040473937988 eps_crit 0.002058342786270728 0.7248428211184156 eps_conv 5.285159541626127e-06 0.008591972710458579
min 1003.4463931928974 mean 7143982.21065797
#nan 24
i 160 time 8.345130920410156 eps_crit 0.002634724281326715 0.7390882558563227 eps_conv 2.5764146420498114e-06 0.00864847832340547
min 929.8009416838482 mean 31453523.57389749
#nan 32
i 170 time 9.059438943862915 eps_crit 0.002740187349757563 0.7456730414688291 eps_conv 7.0229987085929225e-06 0.00860485511475706
min 961.9537755124984 mean 4994615.898501771
#nan 16
i 180 time 8.808069229125977 eps_crit 0.0023786073698717244 0.7393975907916271 eps_conv 7.184871290553086e-06 0.008472585894679656
min 902.1676990905872 mean 3714946.6144092027
#nan 23
i 190 time 8.35277533531189 eps_crit 0.005544876041875618 0.7330057506004624 eps_conv 0.00043731478884600843 0.007646149451285121
min 890.8942478465981 mean 2366.8939817651612
#nan 17
i 200 time 8.515565872192383 eps_crit 0.00560433413434128 0.7435212946691288 eps_conv 0.004479936211916319 0.007503156434887913
min 883.167413490334 mean 936.0061725406297
#nan 14
i 210 time 8.294952630996704 eps_crit 0.005870412952031118 0.7407582376266846 eps_conv 0.001970023013231787 0.007501624877469063
min 878.2111404520545 mean 983.8975900304605
#nan 13
i 220 time 8.374056339263916 eps_crit 0.006155290384230155 0.73754358149041 eps_conv 0.0055369668377659945 0.007218624542316331
min 873.1008289667454 mean 903.8941376196819
#nan 15
i 230 time 8.296067237854004 eps_crit 0.006260482519610371 0.7392516895416318 eps_conv 0.006084047718227344 0.007224691081322092
min 869.3595380810934 mean 892.9345060271421
#nan 17
i 240 time 8.33742642402649 eps_crit 0.0062713920561480304 0.7334957609427086 eps_conv 0.0063883006502438 0.007137810380222684
min 865.1338434278903 mean 881.7967085852332
#nan 23
i 250 time 8.308563709259033 eps_crit 0.006513140434060028 0.725532983035237 eps_conv 0.00645171971778656 0.0070089088717415525
min 864.3072537047276 mean 873.2576851776433
#nan 17
i 260 time 8.311812162399292 eps_crit 0.0065696159328170614 0.7271316130194196 eps_conv 0.006526463951382615 0.006954546393194587
min 863.274583855101 mean 870.8886417920115
#nan 13
i 270 time 8.359273195266724 eps_crit 0.006593017786726615 0.7221800988922515 eps_conv 0.00619642519590567 0.006988169090924239
min 862.365762913401 mean 869.2824432058623
#nan 20
i 280 time 8.351661920547485 eps_crit 0.006661821725838868 0.72289215417339 eps_conv 0.006659327769603665 0.006940219155537504
min 860.929176569513 mean 864.8523252146227
#nan 15
i 290 time 8.282658576965332 eps_crit 0.006663061576719738 0.7226588200209274 eps_conv 0.006659710034426196 0.006843119430125108
min 860.2127215238522 mean 863.0458912036999
#nan 25
i 300 time 8.336486339569092 eps_crit 0.006659894665524833 0.7212358356481942 eps_conv 0.006655371588593999 0.006847220435480534
min 859.8635345540114 mean 862.4833876909437
#nan 22
Converged
total time 3452.594162940979
