Default interpolation method: cubic
Solving for \bar{\iota}_0 self-consistently.
Evaluating order 3 4
Evaluating order 5 6
i 0 time 9.446054220199585 eps_crit 4.2681202208302845e-16 1.1823440113472778 eps_conv 1.2862372658297369e-33 0.0007421050416315373
min 121014.71945138011 mean 7.398884115674611e+31
#nan 121
i 10 time 10.055052280426025 eps_crit 4.923005058635983e-16 1.256873737052343 eps_conv 4.397784867568447e-30 0.0001926713487191491
min 979841.2831763516 mean 9.998636191106722e+29
#nan 83
i 20 time 10.067353248596191 eps_crit 6.1640701725822255e-16 1.506376808188232 eps_conv 1.1936047870348595e-28 0.0002946838856280066
min 2524414.3272375874 mean 1.0408360971396563e+26
#nan 62
i 30 time 10.08562970161438 eps_crit 4.64325960333661e-16 1.5082861994135839 eps_conv 1.1863781705847018e-38 0.000210115832518251
min 3220958.3445604183 mean 3.857348828151291e+23
#nan 70
i 40 time 9.209436416625977 eps_crit 1.64098554725391e-15 1.4854050305598308 eps_conv 2.7151497242030004e-19 0.00160883721855555
min 2366328.801268801 mean 1.638351008313457e+25
#nan 50
i 50 time 10.072189331054688 eps_crit 7.486719613001549e-16 1.4534379046145522 eps_conv 7.638887717400834e-26 0.0006755892708566079
min 163212.63270819501 mean 6.697061626432885e+19
#nan 63
i 60 time 9.266082048416138 eps_crit 7.450064098847401e-16 1.2939493248953375 eps_conv 2.7041822377424575e-22 0.001155937125858785
min 548984.5189699691 mean 1.3229977583213683e+20
#nan 62
i 70 time 9.252581596374512 eps_crit 5.866321102400506e-16 1.3765306531123669 eps_conv 1.570066629898065e-24 0.0014339784238475489
min 511208.4761153695 mean 1.1779327415384916e+18
#nan 71
i 80 time 10.100214004516602 eps_crit 6.31449539557115e-16 1.1670061141651482 eps_conv 1.8144747146813245e-21 0.0017984295864959176
min 145531.69653924435 mean 1.6842896001500913e+18
#nan 55
i 90 time 10.081234455108643 eps_crit 1.4839392188971762e-16 1.1085753283464157 eps_conv 1.57292382465873e-22 0.003707272381824538
min 21409.114281240334 mean 2.6515661359448347e+22
#nan 40
i 100 time 9.494281768798828 eps_crit 5.29809432354484e-16 1.01840899284961 eps_conv 8.235156057548143e-27 0.0019845374797888607
min 23000.18098702041 mean 1.4307400617928854e+19
#nan 37
i 110 time 10.068113088607788 eps_crit 4.8662847653237065e-16 1.0113834318402295 eps_conv 1.4898798539614611e-25 0.002621483037908907
min 17747.65681744294 mean 1.34693887713306e+17
#nan 30
i 120 time 10.089910984039307 eps_crit 3.894793002176807e-16 0.9354013189811244 eps_conv 1.5242007067344454e-28 0.0027594339966994508
min 16120.69220848363 mean 7.76183679626868e+20
#nan 29
i 130 time 10.064841747283936 eps_crit 4.98920236505494e-16 0.8495501765115312 eps_conv 6.650750225133395e-33 0.004057755108614849
min 5859.102361576087 mean 4.134023155824503e+19
#nan 17
i 140 time 10.064094305038452 eps_crit 4.1759053120516125e-16 0.8708858041835973 eps_conv 9.291997914578658e-24 0.0032717116851458733
min 4720.236595321366 mean 2.2729595604867046e+20
#nan 15
i 150 time 10.058615684509277 eps_crit 5.048987386037552e-16 0.8998932592384052 eps_conv 2.1241956316695307e-23 0.00414044604208527
min 3394.7941896416582 mean 4.208709863455741e+16
#nan 16
i 160 time 9.416147708892822 eps_crit 5.051188990376282e-16 0.8278866940883668 eps_conv 6.46398722489768e-22 0.004879302803012191
min 2625.5639712637294 mean 8.905855851416661e+21
#nan 22
i 170 time 9.341946125030518 eps_crit 4.23150647087535e-16 0.8236527391592522 eps_conv 1.0051215629655452e-25 0.005658030118860101
min 1492.1546225611078 mean 1.2213555529504103e+21
#nan 23
i 180 time 10.086787700653076 eps_crit 4.454657539438286e-16 0.8266060546091103 eps_conv 1.468898758213938e-26 0.006421787157329808
min 1493.9282536843048 mean 265386503728390.97
#nan 28
i 190 time 9.030139684677124 eps_crit 5.309897123999614e-15 0.7954344269516966 eps_conv 6.989750682317475e-19 0.007363022468295022
min 1342.8065153682983 mean 645605971501.2375
#nan 17
i 200 time 9.035828351974487 eps_crit 2.486362965379601e-15 0.7596384793841556 eps_conv 3.4988840522217095e-19 0.008330491872926742
min 1246.911710440303 mean 302264113827.96136
#nan 25
i 210 time 8.655551433563232 eps_crit 1.8583001536460934e-08 0.7824324479621433 eps_conv 6.51239599612561e-09 0.008695640559270048
min 1180.1599181887868 mean 5994590809582.542
#nan 27
i 220 time 8.864740371704102 eps_crit 7.28918000491995e-05 0.7639361708029876 eps_conv 1.5679583215457692e-07 0.008211454291207376
min 1056.4261255588772 mean 7749259295.910302
#nan 21
i 230 time 8.581067085266113 eps_crit 0.00035172085065072084 0.7623525088023801 eps_conv 7.963436081563977e-09 0.008509670805810911
min 1016.468728128308 mean 2843432611631.61
#nan 23
i 240 time 8.492026090621948 eps_crit 0.0012306896438519775 0.7755551180273134 eps_conv 5.367091206753462e-08 0.008503337349452371
min 1038.001912980656 mean 64094282904.78857
#nan 16
i 250 time 8.489786624908447 eps_crit 0.0014995456844013367 0.7723729185145674 eps_conv 8.382337753536541e-07 0.00849503946023173
min 978.173714836081 mean 259066109.33795115
#nan 20
i 260 time 9.477458715438843 eps_crit 0.0020421389198815943 0.7934398739890561 eps_conv 2.3165507409432927e-06 0.008233413041528286
min 941.7365815774612 mean 66789064.72666181
#nan 17
i 270 time 8.447785377502441 eps_crit 0.001121230693328592 0.7517496928716026 eps_conv 2.2312126288039085e-07 0.008293646895207559
min 916.8710112937849 mean 3778503443.539087
#nan 20
i 280 time 8.445958375930786 eps_crit 0.005153110121432504 0.7511907052990757 eps_conv 0.0002861158457568943 0.008553687768440453
min 895.3559425883002 mean 3249.4278180471606
#nan 12
i 290 time 8.46148133277893 eps_crit 0.005628168492975106 0.7441936144423648 eps_conv 0.0009023665605365376 0.007703916700379114
min 878.3739380431006 mean 1299.1885348255619
#nan 16
i 300 time 8.469160079956055 eps_crit 0.0059164949645098 0.731277261949973 eps_conv 0.0036544452538583255 0.0076730935299088475
min 883.4924597961508 mean 942.8765642243129
#nan 14
i 310 time 8.457453727722168 eps_crit 0.0035794439740684876 0.7349374266327804 eps_conv 0.0019379167945508039 0.00753497397639516
min 871.6633504205568 mean 950.4642375154765
#nan 15
i 320 time 8.65128469467163 eps_crit 0.006273514854113292 0.7271003143512934 eps_conv 0.006235538696149797 0.007241877502119366
min 868.2098580741731 mean 892.6074179197374
#nan 14
i 330 time 8.45672059059143 eps_crit 0.006461992292486327 0.7264888364431201 eps_conv 0.0064852652465384525 0.007115875335140869
min 864.5191274804058 mean 876.3797900446049
#nan 13
i 340 time 8.64853549003601 eps_crit 0.0063458968290962935 0.7324098572585971 eps_conv 0.006553592529486125 0.007033468841780843
min 861.9807827828895 mean 871.1839970452021
#nan 11
i 350 time 8.423439502716064 eps_crit 0.006601767532065721 0.7232510282703186 eps_conv 0.006663045053161761 0.006939941522296577
min 860.3382050758254 mean 866.1091216399362
#nan 15
i 360 time 9.40020751953125 eps_crit 0.0066257308114607335 0.7217953440393013 eps_conv 0.006613088688867336 0.006910746011670293
min 860.4921788810457 mean 865.4671484369857
#nan 17
Converged
total time 4203.811852216721
